<?xml version="1.0" encoding="ISO-8859-1" ?>
<link_info>
   <banner>TMS320C2000 Linker PC v21.6.0.LTS</banner>
   <copyright>Copyright (c) 1996-2018 Texas Instruments Incorporated</copyright>
   <link_time>0x64cc653f</link_time>
   <link_errors>0x0</link_errors>
   <output_file>pmsm_foc.out</output_file>
   <entry_point>
      <name>_c_int00</name>
      <address>0xa649</address>
   </entry_point>
   <input_file_list>
      <input_file id="fl-2">
         <path>.\</path>
         <kind>object</kind>
         <file>interrupt.obj</file>
         <name>interrupt.obj</name>
      </input_file>
      <input_file id="fl-3">
         <path>.\</path>
         <kind>object</kind>
         <file>main.obj</file>
         <name>main.obj</name>
      </input_file>
      <input_file id="fl-4">
         <path>.\bsp_src\</path>
         <kind>object</kind>
         <file>bsp.obj</file>
         <name>bsp.obj</name>
      </input_file>
      <input_file id="fl-5">
         <path>.\bsp_src\</path>
         <kind>object</kind>
         <file>bsp_adc.obj</file>
         <name>bsp_adc.obj</name>
      </input_file>
      <input_file id="fl-6">
         <path>.\bsp_src\</path>
         <kind>object</kind>
         <file>bsp_ecan.obj</file>
         <name>bsp_ecan.obj</name>
      </input_file>
      <input_file id="fl-7">
         <path>.\bsp_src\</path>
         <kind>object</kind>
         <file>bsp_epwm.obj</file>
         <name>bsp_epwm.obj</name>
      </input_file>
      <input_file id="fl-8">
         <path>.\bsp_src\</path>
         <kind>object</kind>
         <file>bsp_eqep.obj</file>
         <name>bsp_eqep.obj</name>
      </input_file>
      <input_file id="fl-9">
         <path>.\bsp_src\</path>
         <kind>object</kind>
         <file>bsp_iic_24c128.obj</file>
         <name>bsp_iic_24c128.obj</name>
      </input_file>
      <input_file id="fl-a">
         <path>.\bsp_src\</path>
         <kind>object</kind>
         <file>bsp_sci.obj</file>
         <name>bsp_sci.obj</name>
      </input_file>
      <input_file id="fl-b">
         <path>.\bsp_src\</path>
         <kind>object</kind>
         <file>bsp_spi.obj</file>
         <name>bsp_spi.obj</name>
      </input_file>
      <input_file id="fl-c">
         <path>.\bsp_src\</path>
         <kind>object</kind>
         <file>bsp_xint.obj</file>
         <name>bsp_xint.obj</name>
      </input_file>
      <input_file id="fl-d">
         <path>.\device_src\</path>
         <kind>object</kind>
         <file>DSP2833x_ADC_cal.obj</file>
         <name>DSP2833x_ADC_cal.obj</name>
      </input_file>
      <input_file id="fl-e">
         <path>.\device_src\</path>
         <kind>object</kind>
         <file>DSP2833x_Adc.obj</file>
         <name>DSP2833x_Adc.obj</name>
      </input_file>
      <input_file id="fl-f">
         <path>.\device_src\</path>
         <kind>object</kind>
         <file>DSP2833x_CSMPasswords.obj</file>
         <name>DSP2833x_CSMPasswords.obj</name>
      </input_file>
      <input_file id="fl-10">
         <path>.\device_src\</path>
         <kind>object</kind>
         <file>DSP2833x_CodeStartBranch.obj</file>
         <name>DSP2833x_CodeStartBranch.obj</name>
      </input_file>
      <input_file id="fl-11">
         <path>.\device_src\</path>
         <kind>object</kind>
         <file>DSP2833x_CpuTimers.obj</file>
         <name>DSP2833x_CpuTimers.obj</name>
      </input_file>
      <input_file id="fl-12">
         <path>.\device_src\</path>
         <kind>object</kind>
         <file>DSP2833x_DBGIER.obj</file>
         <name>DSP2833x_DBGIER.obj</name>
      </input_file>
      <input_file id="fl-13">
         <path>.\device_src\</path>
         <kind>object</kind>
         <file>DSP2833x_DefaultIsr.obj</file>
         <name>DSP2833x_DefaultIsr.obj</name>
      </input_file>
      <input_file id="fl-14">
         <path>.\device_src\</path>
         <kind>object</kind>
         <file>DSP2833x_DisInt.obj</file>
         <name>DSP2833x_DisInt.obj</name>
      </input_file>
      <input_file id="fl-15">
         <path>.\device_src\</path>
         <kind>object</kind>
         <file>DSP2833x_EPwm.obj</file>
         <name>DSP2833x_EPwm.obj</name>
      </input_file>
      <input_file id="fl-16">
         <path>.\device_src\</path>
         <kind>object</kind>
         <file>DSP2833x_EQep.obj</file>
         <name>DSP2833x_EQep.obj</name>
      </input_file>
      <input_file id="fl-17">
         <path>.\device_src\</path>
         <kind>object</kind>
         <file>DSP2833x_GlobalVariableDefs.obj</file>
         <name>DSP2833x_GlobalVariableDefs.obj</name>
      </input_file>
      <input_file id="fl-18">
         <path>.\device_src\</path>
         <kind>object</kind>
         <file>DSP2833x_Gpio.obj</file>
         <name>DSP2833x_Gpio.obj</name>
      </input_file>
      <input_file id="fl-19">
         <path>.\device_src\</path>
         <kind>object</kind>
         <file>DSP2833x_I2C.obj</file>
         <name>DSP2833x_I2C.obj</name>
      </input_file>
      <input_file id="fl-1a">
         <path>.\device_src\</path>
         <kind>object</kind>
         <file>DSP2833x_MemCopy.obj</file>
         <name>DSP2833x_MemCopy.obj</name>
      </input_file>
      <input_file id="fl-1b">
         <path>.\device_src\</path>
         <kind>object</kind>
         <file>DSP2833x_PieCtrl.obj</file>
         <name>DSP2833x_PieCtrl.obj</name>
      </input_file>
      <input_file id="fl-1c">
         <path>.\device_src\</path>
         <kind>object</kind>
         <file>DSP2833x_PieVect.obj</file>
         <name>DSP2833x_PieVect.obj</name>
      </input_file>
      <input_file id="fl-1d">
         <path>.\device_src\</path>
         <kind>object</kind>
         <file>DSP2833x_Sci.obj</file>
         <name>DSP2833x_Sci.obj</name>
      </input_file>
      <input_file id="fl-1e">
         <path>.\device_src\</path>
         <kind>object</kind>
         <file>DSP2833x_SysCtrl.obj</file>
         <name>DSP2833x_SysCtrl.obj</name>
      </input_file>
      <input_file id="fl-1f">
         <path>.\device_src\</path>
         <kind>object</kind>
         <file>DSP2833x_Xintf.obj</file>
         <name>DSP2833x_Xintf.obj</name>
      </input_file>
      <input_file id="fl-20">
         <path>.\device_src\</path>
         <kind>object</kind>
         <file>DSP2833x_usDelay.obj</file>
         <name>DSP2833x_usDelay.obj</name>
      </input_file>
      <input_file id="fl-21">
         <path>.\pmsm_src\</path>
         <kind>object</kind>
         <file>Adc_self.obj</file>
         <name>Adc_self.obj</name>
      </input_file>
      <input_file id="fl-22">
         <path>.\pmsm_src\</path>
         <kind>object</kind>
         <file>Current_control.obj</file>
         <name>Current_control.obj</name>
      </input_file>
      <input_file id="fl-23">
         <path>.\pmsm_src\</path>
         <kind>object</kind>
         <file>Encoder_solve.obj</file>
         <name>Encoder_solve.obj</name>
      </input_file>
      <input_file id="fl-24">
         <path>.\pmsm_src\</path>
         <kind>object</kind>
         <file>ROGI.obj</file>
         <name>ROGI.obj</name>
      </input_file>
      <input_file id="fl-25">
         <path>.\pmsm_src\</path>
         <kind>object</kind>
         <file>Speed_control.obj</file>
         <name>Speed_control.obj</name>
      </input_file>
      <input_file id="fl-26">
         <path>.\pmsm_src\</path>
         <kind>object</kind>
         <file>Vector_control.obj</file>
         <name>Vector_control.obj</name>
      </input_file>
      <input_file id="fl-27">
         <path>.\pmsm_src\</path>
         <kind>object</kind>
         <file>Weak_control.obj</file>
         <name>Weak_control.obj</name>
      </input_file>
      <input_file id="fl-28">
         <path>.\pmsm_src\</path>
         <kind>object</kind>
         <file>adrc.obj</file>
         <name>adrc.obj</name>
      </input_file>
      <input_file id="fl-29">
         <path>.\pmsm_src\</path>
         <kind>object</kind>
         <file>eeprom_w.obj</file>
         <name>eeprom_w.obj</name>
      </input_file>
      <input_file id="fl-2a">
         <path>.\pmsm_src\</path>
         <kind>object</kind>
         <file>emf_observer.obj</file>
         <name>emf_observer.obj</name>
      </input_file>
      <input_file id="fl-2b">
         <path>.\pmsm_src\</path>
         <kind>object</kind>
         <file>fault.obj</file>
         <name>fault.obj</name>
      </input_file>
      <input_file id="fl-2c">
         <path>.\pmsm_src\</path>
         <kind>object</kind>
         <file>filter_AVR.obj</file>
         <name>filter_AVR.obj</name>
      </input_file>
      <input_file id="fl-2d">
         <path>.\pmsm_src\</path>
         <kind>object</kind>
         <file>global_var.obj</file>
         <name>global_var.obj</name>
      </input_file>
      <input_file id="fl-2e">
         <path>.\pmsm_src\</path>
         <kind>object</kind>
         <file>message.obj</file>
         <name>message.obj</name>
      </input_file>
      <input_file id="fl-2f">
         <path>.\pmsm_src\</path>
         <kind>object</kind>
         <file>mras.obj</file>
         <name>mras.obj</name>
      </input_file>
      <input_file id="fl-30">
         <path>.\pmsm_src\</path>
         <kind>object</kind>
         <file>park_clark.obj</file>
         <name>park_clark.obj</name>
      </input_file>
      <input_file id="fl-31">
         <path>.\pmsm_src\</path>
         <kind>object</kind>
         <file>pid.obj</file>
         <name>pid.obj</name>
      </input_file>
      <input_file id="fl-32">
         <path>.\pmsm_src\</path>
         <kind>object</kind>
         <file>pr.obj</file>
         <name>pr.obj</name>
      </input_file>
      <input_file id="fl-33">
         <path>.\pmsm_src\</path>
         <kind>object</kind>
         <file>sm_observer.obj</file>
         <name>sm_observer.obj</name>
      </input_file>
      <input_file id="fl-34">
         <path>.\pmsm_src\</path>
         <kind>object</kind>
         <file>spwm.obj</file>
         <name>spwm.obj</name>
      </input_file>
      <input_file id="fl-35">
         <path>.\pmsm_src\</path>
         <kind>object</kind>
         <file>var_init.obj</file>
         <name>var_init.obj</name>
      </input_file>
      <input_file id="fl-36">
         <path>.\pmsm_src\</path>
         <kind>object</kind>
         <file>zhs_SVPWM_2L.obj</file>
         <name>zhs_SVPWM_2L.obj</name>
      </input_file>
      <input_file id="fl-3f">
         <kind>object</kind>
         <file>&lt;internal&gt;</file>
         <name>&lt;internal&gt;</name>
      </input_file>
      <input_file id="fl-43">
         <path>..\</path>
         <kind>archive</kind>
         <file>rts2800_fpu32_fast_supplement_coff.lib</file>
         <name>cos_f32.obj</name>
      </input_file>
      <input_file id="fl-44">
         <path>..\</path>
         <kind>archive</kind>
         <file>rts2800_fpu32_fast_supplement_coff.lib</file>
         <name>div_f32.obj</name>
      </input_file>
      <input_file id="fl-45">
         <path>..\</path>
         <kind>archive</kind>
         <file>rts2800_fpu32_fast_supplement_coff.lib</file>
         <name>pow_f32.obj</name>
      </input_file>
      <input_file id="fl-46">
         <path>..\</path>
         <kind>archive</kind>
         <file>rts2800_fpu32_fast_supplement_coff.lib</file>
         <name>sin_f32.obj</name>
      </input_file>
      <input_file id="fl-47">
         <path>..\</path>
         <kind>archive</kind>
         <file>rts2800_fpu32_fast_supplement_coff.lib</file>
         <name>sqrt_f32.obj</name>
      </input_file>
      <input_file id="fl-48">
         <path>..\</path>
         <kind>archive</kind>
         <file>rts2800_fpu32_fast_supplement_coff.lib</file>
         <name>FPUmathTables.obj</name>
      </input_file>
      <input_file id="fl-49">
         <path>..\</path>
         <kind>archive</kind>
         <file>rts2800_fpu32_fast_supplement_coff.lib</file>
         <name>exptable_f32.obj</name>
      </input_file>
      <input_file id="fl-4a">
         <path>..\</path>
         <kind>archive</kind>
         <file>rts2800_fpu32_fast_supplement_coff.lib</file>
         <name>logtable_f32.obj</name>
      </input_file>
      <input_file id="fl-4b">
         <path>D:\ti\ccs1120\ccs\tools\compiler\ti-cgt-c2000_21.6.0.LTS\lib\</path>
         <kind>archive</kind>
         <file>rts2800_fpu32.lib</file>
         <name>boot28.asm.obj</name>
      </input_file>
      <input_file id="fl-4c">
         <path>D:\ti\ccs1120\ccs\tools\compiler\ti-cgt-c2000_21.6.0.LTS\lib\</path>
         <kind>archive</kind>
         <file>rts2800_fpu32.lib</file>
         <name>cpy_tbl.c.obj</name>
      </input_file>
      <input_file id="fl-4d">
         <path>D:\ti\ccs1120\ccs\tools\compiler\ti-cgt-c2000_21.6.0.LTS\lib\</path>
         <kind>archive</kind>
         <file>rts2800_fpu32.lib</file>
         <name>memcpy.c.obj</name>
      </input_file>
      <input_file id="fl-4e">
         <path>D:\ti\ccs1120\ccs\tools\compiler\ti-cgt-c2000_21.6.0.LTS\lib\</path>
         <kind>archive</kind>
         <file>rts2800_fpu32.lib</file>
         <name>pre_init.c.obj</name>
      </input_file>
      <input_file id="fl-4f">
         <path>D:\ti\ccs1120\ccs\tools\compiler\ti-cgt-c2000_21.6.0.LTS\lib\</path>
         <kind>archive</kind>
         <file>rts2800_fpu32.lib</file>
         <name>startup.c.obj</name>
      </input_file>
      <input_file id="fl-50">
         <path>D:\ti\ccs1120\ccs\tools\compiler\ti-cgt-c2000_21.6.0.LTS\lib\</path>
         <kind>archive</kind>
         <file>rts2800_fpu32.lib</file>
         <name>exit.c.obj</name>
      </input_file>
      <input_file id="fl-51">
         <path>D:\ti\ccs1120\ccs\tools\compiler\ti-cgt-c2000_21.6.0.LTS\lib\</path>
         <kind>archive</kind>
         <file>rts2800_fpu32.lib</file>
         <name>_lock.c.obj</name>
      </input_file>
      <input_file id="fl-52">
         <path>D:\ti\ccs1120\ccs\tools\compiler\ti-cgt-c2000_21.6.0.LTS\lib\</path>
         <kind>archive</kind>
         <file>rts2800_fpu32.lib</file>
         <name>args_main.c.obj</name>
      </input_file>
   </input_file_list>
   <object_component_list>
      <object_component id="oc-8f">
         <name>codestart</name>
         <load_address>0x0</load_address>
         <run_address>0x0</run_address>
         <size>0x2</size>
         <input_file_ref idref="fl-10"/>
      </object_component>
      <object_component id="oc-110">
         <name>ramfuncs</name>
         <load_address>0xb515</load_address>
         <run_address>0xb515</run_address>
         <size>0x4</size>
         <input_file_ref idref="fl-20"/>
      </object_component>
      <object_component id="oc-1ef">
         <name>.text</name>
         <load_address>0x8000</load_address>
         <run_address>0x8000</run_address>
         <size>0x552</size>
         <input_file_ref idref="fl-2a"/>
      </object_component>
      <object_component id="oc-1ee">
         <name>.text</name>
         <load_address>0x8552</load_address>
         <run_address>0x8552</run_address>
         <size>0x3d2</size>
         <input_file_ref idref="fl-22"/>
      </object_component>
      <object_component id="oc-a0">
         <name>.text:retain</name>
         <load_address>0x8924</load_address>
         <run_address>0x8924</run_address>
         <size>0x316</size>
         <input_file_ref idref="fl-13"/>
      </object_component>
      <object_component id="oc-1db">
         <name>.text</name>
         <load_address>0x8c3a</load_address>
         <run_address>0x8c3a</run_address>
         <size>0x304</size>
         <input_file_ref idref="fl-26"/>
      </object_component>
      <object_component id="oc-206">
         <name>.text</name>
         <load_address>0x8f3e</load_address>
         <run_address>0x8f3e</run_address>
         <size>0x263</size>
         <input_file_ref idref="fl-28"/>
      </object_component>
      <object_component id="oc-1d8">
         <name>.text</name>
         <load_address>0x91a1</load_address>
         <run_address>0x91a1</run_address>
         <size>0x1fd</size>
         <input_file_ref idref="fl-21"/>
      </object_component>
      <object_component id="oc-1dc">
         <name>.text</name>
         <load_address>0x939e</load_address>
         <run_address>0x939e</run_address>
         <size>0x1cb</size>
         <input_file_ref idref="fl-36"/>
      </object_component>
      <object_component id="oc-1d7">
         <name>.text</name>
         <load_address>0x9569</load_address>
         <run_address>0x9569</run_address>
         <size>0x1c8</size>
         <input_file_ref idref="fl-2e"/>
      </object_component>
      <object_component id="oc-200">
         <name>.text</name>
         <load_address>0x9731</load_address>
         <run_address>0x9731</run_address>
         <size>0x18d</size>
         <input_file_ref idref="fl-9"/>
      </object_component>
      <object_component id="oc-4b">
         <name>.text:retain</name>
         <load_address>0x98be</load_address>
         <run_address>0x98be</run_address>
         <size>0x178</size>
         <input_file_ref idref="fl-2"/>
      </object_component>
      <object_component id="oc-1f3">
         <name>.text</name>
         <load_address>0x9a36</load_address>
         <run_address>0x9a36</run_address>
         <size>0x160</size>
         <input_file_ref idref="fl-2f"/>
      </object_component>
      <object_component id="oc-1f4">
         <name>.text</name>
         <load_address>0x9b96</load_address>
         <run_address>0x9b96</run_address>
         <size>0x128</size>
         <input_file_ref idref="fl-7"/>
      </object_component>
      <object_component id="oc-1dd">
         <name>.text</name>
         <load_address>0x9cbe</load_address>
         <run_address>0x9cbe</run_address>
         <size>0x127</size>
         <input_file_ref idref="fl-35"/>
      </object_component>
      <object_component id="oc-1f1">
         <name>.text</name>
         <load_address>0x9de5</load_address>
         <run_address>0x9de5</run_address>
         <size>0x110</size>
         <input_file_ref idref="fl-27"/>
      </object_component>
      <object_component id="oc-1f5">
         <name>.text</name>
         <load_address>0x9ef5</load_address>
         <run_address>0x9ef5</run_address>
         <size>0xf8</size>
         <input_file_ref idref="fl-1e"/>
      </object_component>
      <object_component id="oc-1da">
         <name>.text</name>
         <load_address>0x9fed</load_address>
         <run_address>0x9fed</run_address>
         <size>0xf8</size>
         <input_file_ref idref="fl-30"/>
      </object_component>
      <object_component id="oc-1f9">
         <name>.text</name>
         <load_address>0xa0e5</load_address>
         <run_address>0xa0e5</run_address>
         <size>0xc8</size>
         <input_file_ref idref="fl-15"/>
      </object_component>
      <object_component id="oc-1f2">
         <name>.text</name>
         <load_address>0xa1ad</load_address>
         <run_address>0xa1ad</run_address>
         <size>0xac</size>
         <input_file_ref idref="fl-23"/>
      </object_component>
      <object_component id="oc-205">
         <name>.text</name>
         <load_address>0xa259</load_address>
         <run_address>0xa259</run_address>
         <size>0xa8</size>
         <input_file_ref idref="fl-32"/>
      </object_component>
      <object_component id="oc-195">
         <name>.text</name>
         <load_address>0xa301</load_address>
         <run_address>0xa301</run_address>
         <size>0x9c</size>
         <input_file_ref idref="fl-45"/>
      </object_component>
      <object_component id="oc-204">
         <name>.text</name>
         <load_address>0xa39d</load_address>
         <run_address>0xa39d</run_address>
         <size>0x91</size>
         <input_file_ref idref="fl-31"/>
      </object_component>
      <object_component id="oc-1f0">
         <name>.text</name>
         <load_address>0xa42e</load_address>
         <run_address>0xa42e</run_address>
         <size>0x80</size>
         <input_file_ref idref="fl-25"/>
      </object_component>
      <object_component id="oc-1d9">
         <name>.text</name>
         <load_address>0xa4ae</load_address>
         <run_address>0xa4ae</run_address>
         <size>0x76</size>
         <input_file_ref idref="fl-2b"/>
      </object_component>
      <object_component id="oc-1fb">
         <name>.text</name>
         <load_address>0xa524</load_address>
         <run_address>0xa524</run_address>
         <size>0x73</size>
         <input_file_ref idref="fl-11"/>
      </object_component>
      <object_component id="oc-1fd">
         <name>.text</name>
         <load_address>0xa597</load_address>
         <run_address>0xa597</run_address>
         <size>0x5c</size>
         <input_file_ref idref="fl-5"/>
      </object_component>
      <object_component id="oc-1e0">
         <name>.text</name>
         <load_address>0xa5f3</load_address>
         <run_address>0xa5f3</run_address>
         <size>0x56</size>
         <input_file_ref idref="fl-3"/>
      </object_component>
      <object_component id="oc-49">
         <name>.text</name>
         <load_address>0xa649</load_address>
         <run_address>0xa649</run_address>
         <size>0x56</size>
         <input_file_ref idref="fl-4b"/>
      </object_component>
      <object_component id="oc-1e5">
         <name>.text</name>
         <load_address>0xa69f</load_address>
         <run_address>0xa69f</run_address>
         <size>0x49</size>
         <input_file_ref idref="fl-a"/>
      </object_component>
      <object_component id="oc-1f8">
         <name>.text</name>
         <load_address>0xa6e8</load_address>
         <run_address>0xa6e8</run_address>
         <size>0x44</size>
         <input_file_ref idref="fl-4"/>
      </object_component>
      <object_component id="oc-201">
         <name>.text</name>
         <load_address>0xa72c</load_address>
         <run_address>0xa72c</run_address>
         <size>0x37</size>
         <input_file_ref idref="fl-29"/>
      </object_component>
      <object_component id="oc-18b">
         <name>.text</name>
         <load_address>0xa763</load_address>
         <run_address>0xa763</run_address>
         <size>0x34</size>
         <input_file_ref idref="fl-43"/>
      </object_component>
      <object_component id="oc-19a">
         <name>.text</name>
         <load_address>0xa797</load_address>
         <run_address>0xa797</run_address>
         <size>0x34</size>
         <input_file_ref idref="fl-46"/>
      </object_component>
      <object_component id="oc-1fa">
         <name>.text</name>
         <load_address>0xa7cb</load_address>
         <run_address>0xa7cb</run_address>
         <size>0x32</size>
         <input_file_ref idref="fl-1d"/>
      </object_component>
      <object_component id="oc-1d6">
         <name>.text</name>
         <load_address>0xa7fd</load_address>
         <run_address>0xa7fd</run_address>
         <size>0x29</size>
         <input_file_ref idref="fl-50"/>
      </object_component>
      <object_component id="oc-1f6">
         <name>.text</name>
         <load_address>0xa826</load_address>
         <run_address>0xa826</run_address>
         <size>0x28</size>
         <input_file_ref idref="fl-1b"/>
      </object_component>
      <object_component id="oc-207">
         <name>.text</name>
         <load_address>0xa84e</load_address>
         <run_address>0xa84e</run_address>
         <size>0x24</size>
         <input_file_ref idref="fl-2c"/>
      </object_component>
      <object_component id="oc-1d3">
         <name>.text</name>
         <load_address>0xa872</load_address>
         <run_address>0xa872</run_address>
         <size>0x24</size>
         <input_file_ref idref="fl-4c"/>
      </object_component>
      <object_component id="oc-19f">
         <name>.text</name>
         <load_address>0xa896</load_address>
         <run_address>0xa896</run_address>
         <size>0x21</size>
         <input_file_ref idref="fl-47"/>
      </object_component>
      <object_component id="oc-1f7">
         <name>.text</name>
         <load_address>0xa8b7</load_address>
         <run_address>0xa8b7</run_address>
         <size>0x20</size>
         <input_file_ref idref="fl-1c"/>
      </object_component>
      <object_component id="oc-1ff">
         <name>.text</name>
         <load_address>0xa8d7</load_address>
         <run_address>0xa8d7</run_address>
         <size>0x20</size>
         <input_file_ref idref="fl-8"/>
      </object_component>
      <object_component id="oc-1df">
         <name>.text</name>
         <load_address>0xa8f7</load_address>
         <run_address>0xa8f7</run_address>
         <size>0x1d</size>
         <input_file_ref idref="fl-4d"/>
      </object_component>
      <object_component id="oc-190">
         <name>.text</name>
         <load_address>0xa914</load_address>
         <run_address>0xa914</run_address>
         <size>0x19</size>
         <input_file_ref idref="fl-44"/>
      </object_component>
      <object_component id="oc-1fe">
         <name>.text</name>
         <load_address>0xa92d</load_address>
         <run_address>0xa92d</run_address>
         <size>0x18</size>
         <input_file_ref idref="fl-c"/>
      </object_component>
      <object_component id="oc-1fc">
         <name>.text</name>
         <load_address>0xa945</load_address>
         <run_address>0xa945</run_address>
         <size>0x17</size>
         <input_file_ref idref="fl-19"/>
      </object_component>
      <object_component id="oc-20b">
         <name>.text</name>
         <load_address>0xa95c</load_address>
         <run_address>0xa95c</run_address>
         <size>0x14</size>
         <input_file_ref idref="fl-e"/>
      </object_component>
      <object_component id="oc-1d5">
         <name>.text</name>
         <load_address>0xa970</load_address>
         <run_address>0xa970</run_address>
         <size>0x12</size>
         <input_file_ref idref="fl-52"/>
      </object_component>
      <object_component id="oc-202">
         <name>.text</name>
         <load_address>0xa982</load_address>
         <run_address>0xa982</run_address>
         <size>0x9</size>
         <input_file_ref idref="fl-51"/>
      </object_component>
      <object_component id="oc-8e">
         <name>.text</name>
         <load_address>0xa98b</load_address>
         <run_address>0xa98b</run_address>
         <size>0x8</size>
         <input_file_ref idref="fl-10"/>
      </object_component>
      <object_component id="oc-a5">
         <name>.text</name>
         <load_address>0xa993</load_address>
         <run_address>0xa993</run_address>
         <size>0x7</size>
         <input_file_ref idref="fl-14"/>
      </object_component>
      <object_component id="oc-9a">
         <name>.text</name>
         <load_address>0xa99a</load_address>
         <run_address>0xa99a</run_address>
         <size>0x3</size>
         <input_file_ref idref="fl-12"/>
      </object_component>
      <object_component id="oc-1d2">
         <name>.text</name>
         <load_address>0xa99d</load_address>
         <run_address>0xa99d</run_address>
         <size>0x2</size>
         <input_file_ref idref="fl-4e"/>
      </object_component>
      <object_component id="oc-1d4">
         <name>.text</name>
         <load_address>0xa99f</load_address>
         <run_address>0xa99f</run_address>
         <size>0x1</size>
         <input_file_ref idref="fl-4f"/>
      </object_component>
      <object_component id="oc-155">
         <name>.cinit</name>
         <load_address>0xb1ba</load_address>
         <run_address>0xb1ba</run_address>
         <size>0x2c0</size>
         <input_file_ref idref="fl-2d"/>
      </object_component>
      <object_component id="oc-126">
         <name>.cinit</name>
         <load_address>0xb47a</load_address>
         <run_address>0xb47a</run_address>
         <size>0x56</size>
         <input_file_ref idref="fl-24"/>
      </object_component>
      <object_component id="oc-160">
         <name>.cinit</name>
         <load_address>0xb4d0</load_address>
         <run_address>0xb4d0</run_address>
         <size>0x11</size>
         <input_file_ref idref="fl-2f"/>
      </object_component>
      <object_component id="oc-159">
         <name>.cinit</name>
         <load_address>0xb4e1</load_address>
         <run_address>0xb4e1</run_address>
         <size>0x10</size>
         <input_file_ref idref="fl-2e"/>
      </object_component>
      <object_component id="oc-1c2">
         <name>.cinit</name>
         <load_address>0xb4f1</load_address>
         <run_address>0xb4f1</run_address>
         <size>0xe</size>
         <input_file_ref idref="fl-50"/>
      </object_component>
      <object_component id="oc-176">
         <name>.cinit</name>
         <load_address>0xb4ff</load_address>
         <run_address>0xb4ff</run_address>
         <size>0xa</size>
         <input_file_ref idref="fl-33"/>
      </object_component>
      <object_component id="oc-1e2">
         <name>.cinit:__lock</name>
         <load_address>0xb509</load_address>
         <run_address>0xb509</run_address>
         <size>0x5</size>
         <input_file_ref idref="fl-51"/>
      </object_component>
      <object_component id="oc-203">
         <name>.cinit:__unlock</name>
         <load_address>0xb50e</load_address>
         <run_address>0xb50e</run_address>
         <size>0x5</size>
         <input_file_ref idref="fl-51"/>
      </object_component>
      <object_component id="oc-1a7">
         <name>.stack</name>
         <uninitialized>true</uninitialized>
         <run_address>0x400</run_address>
         <size>0x0</size>
         <input_file_ref idref="fl-4b"/>
      </object_component>
      <object_component id="oc-260">
         <name>.stack</name>
         <uninitialized>true</uninitialized>
         <run_address>0x400</run_address>
         <size>0x0</size>
      </object_component>
      <object_component id="oc-20c">
         <name>.ebss:_edata</name>
         <uninitialized>true</uninitialized>
         <run_address>0xd600</run_address>
         <size>0x8</size>
         <input_file_ref idref="fl-9"/>
      </object_component>
      <object_component id="oc-95">
         <name>.ebss</name>
         <uninitialized>true</uninitialized>
         <run_address>0xd528</run_address>
         <size>0x18</size>
         <input_file_ref idref="fl-11"/>
      </object_component>
      <object_component id="oc-116">
         <name>.ebss</name>
         <uninitialized>true</uninitialized>
         <run_address>0xd5be</run_address>
         <size>0x1</size>
         <input_file_ref idref="fl-21"/>
      </object_component>
      <object_component id="oc-1ec">
         <name>.ebss:_AC_Zero_yuz</name>
         <uninitialized>true</uninitialized>
         <run_address>0xd5e8</run_address>
         <size>0xa</size>
         <input_file_ref idref="fl-21"/>
      </object_component>
      <object_component id="oc-1e7">
         <name>.ebss:_ADCresult</name>
         <uninitialized>true</uninitialized>
         <run_address>0xd5f2</run_address>
         <size>0xa</size>
         <input_file_ref idref="fl-21"/>
      </object_component>
      <object_component id="oc-1e8">
         <name>.ebss:_AC_ZeroMean</name>
         <uninitialized>true</uninitialized>
         <run_address>0xd3ec</run_address>
         <size>0x14</size>
         <input_file_ref idref="fl-21"/>
      </object_component>
      <object_component id="oc-1e9">
         <name>.ebss:_ADCresultNEW</name>
         <uninitialized>true</uninitialized>
         <run_address>0xd5a8</run_address>
         <size>0x14</size>
         <input_file_ref idref="fl-21"/>
      </object_component>
      <object_component id="oc-1eb">
         <name>.ebss:_AC_Zero_yu</name>
         <uninitialized>true</uninitialized>
         <run_address>0xd540</run_address>
         <size>0x50</size>
         <input_file_ref idref="fl-21"/>
      </object_component>
      <object_component id="oc-1ea">
         <name>.ebss:_AC_Zero</name>
         <uninitialized>true</uninitialized>
         <run_address>0xd400</run_address>
         <size>0xa0</size>
         <input_file_ref idref="fl-21"/>
      </object_component>
      <object_component id="oc-127">
         <name>.ebss</name>
         <uninitialized>true</uninitialized>
         <run_address>0xd4c0</run_address>
         <size>0x68</size>
         <input_file_ref idref="fl-24"/>
      </object_component>
      <object_component id="oc-156">
         <name>.ebss</name>
         <uninitialized>true</uninitialized>
         <run_address>0xd000</run_address>
         <size>0x2ee</size>
         <input_file_ref idref="fl-2d"/>
      </object_component>
      <object_component id="oc-15a">
         <name>.ebss</name>
         <uninitialized>true</uninitialized>
         <run_address>0xd5d4</run_address>
         <size>0x14</size>
         <input_file_ref idref="fl-2e"/>
      </object_component>
      <object_component id="oc-1e4">
         <name>.ebss:_RC_DataBUF</name>
         <uninitialized>true</uninitialized>
         <run_address>0xd5c0</run_address>
         <size>0x14</size>
         <input_file_ref idref="fl-2e"/>
      </object_component>
      <object_component id="oc-1e6">
         <name>.ebss:_RCBUF</name>
         <uninitialized>true</uninitialized>
         <run_address>0xd590</run_address>
         <size>0x18</size>
         <input_file_ref idref="fl-2e"/>
      </object_component>
      <object_component id="oc-1e3">
         <name>.ebss:_TXBUF</name>
         <uninitialized>true</uninitialized>
         <run_address>0xd4a0</run_address>
         <size>0x1e</size>
         <input_file_ref idref="fl-2e"/>
      </object_component>
      <object_component id="oc-1de">
         <name>.ebss:_Paramet</name>
         <uninitialized>true</uninitialized>
         <run_address>0xd300</run_address>
         <size>0xec</size>
         <input_file_ref idref="fl-2e"/>
      </object_component>
      <object_component id="oc-161">
         <name>.ebss</name>
         <uninitialized>true</uninitialized>
         <run_address>0xd2ee</run_address>
         <size>0xe</size>
         <input_file_ref idref="fl-2f"/>
      </object_component>
      <object_component id="oc-177">
         <name>.ebss</name>
         <uninitialized>true</uninitialized>
         <run_address>0xd2fc</run_address>
         <size>0x4</size>
         <input_file_ref idref="fl-33"/>
      </object_component>
      <object_component id="oc-1c3">
         <name>.ebss</name>
         <uninitialized>true</uninitialized>
         <run_address>0xd608</run_address>
         <size>0x6</size>
         <input_file_ref idref="fl-50"/>
      </object_component>
      <object_component id="oc-1e1">
         <name>.ebss:__lock</name>
         <uninitialized>true</uninitialized>
         <run_address>0xd4be</run_address>
         <size>0x2</size>
         <input_file_ref idref="fl-51"/>
      </object_component>
      <object_component id="oc-20d">
         <name>.ebss:__unlock</name>
         <uninitialized>true</uninitialized>
         <run_address>0xd5bc</run_address>
         <size>0x2</size>
         <input_file_ref idref="fl-51"/>
      </object_component>
      <object_component id="oc-20a">
         <name>.econst:_PieVectTableInit</name>
         <load_address>0xd60e</load_address>
         <run_address>0xd60e</run_address>
         <size>0x100</size>
         <input_file_ref idref="fl-1c"/>
      </object_component>
      <object_component id="oc-1ed">
         <name>.econst:_$P$T0$1</name>
         <load_address>0xd70e</load_address>
         <run_address>0xd70e</run_address>
         <size>0x14</size>
         <input_file_ref idref="fl-26"/>
      </object_component>
      <object_component id="oc-208">
         <name>.econst:_$P$T0$1</name>
         <load_address>0xd722</load_address>
         <run_address>0xd722</run_address>
         <size>0x14</size>
         <input_file_ref idref="fl-2f"/>
      </object_component>
      <object_component id="oc-209">
         <name>.econst:_$P$T1$2</name>
         <load_address>0xd736</load_address>
         <run_address>0xd736</run_address>
         <size>0x14</size>
         <input_file_ref idref="fl-2f"/>
      </object_component>
      <object_component id="oc-1a4">
         <name>FPUmathTables</name>
         <load_address>0xa9a0</load_address>
         <run_address>0xa9a0</run_address>
         <size>0x68c</size>
         <input_file_ref idref="fl-48"/>
      </object_component>
      <object_component id="oc-1a6">
         <name>FPUmathTables</name>
         <load_address>0xb02c</load_address>
         <run_address>0xb02c</run_address>
         <size>0xd0</size>
         <input_file_ref idref="fl-4a"/>
      </object_component>
      <object_component id="oc-1a5">
         <name>FPUmathTables</name>
         <load_address>0xb0fc</load_address>
         <run_address>0xb0fc</run_address>
         <size>0xbe</size>
         <input_file_ref idref="fl-49"/>
      </object_component>
      <object_component id="oc-1a8">
         <name>.reset</name>
         <load_address>0x3fffc0</load_address>
         <run_address>0x3fffc0</run_address>
         <size>0x2</size>
         <input_file_ref idref="fl-4b"/>
      </object_component>
      <object_component id="oc-8d">
         <name>csm_rsvd</name>
         <load_address>0x33ff80</load_address>
         <run_address>0x33ff80</run_address>
         <size>0x76</size>
         <input_file_ref idref="fl-f"/>
      </object_component>
      <object_component id="oc-8c">
         <name>csmpasswds</name>
         <load_address>0x33fff8</load_address>
         <run_address>0x33fff8</run_address>
         <size>0x8</size>
         <input_file_ref idref="fl-f"/>
      </object_component>
      <object_component id="oc-82">
         <name>.adc_cal</name>
         <load_address>0x380080</load_address>
         <run_address>0x380080</run_address>
         <size>0x7</size>
         <input_file_ref idref="fl-d"/>
      </object_component>
      <object_component id="oc-e6">
         <name>PieVectTableFile</name>
         <uninitialized>true</uninitialized>
         <run_address>0xd00</run_address>
         <size>0x100</size>
         <input_file_ref idref="fl-17"/>
      </object_component>
      <object_component id="oc-e2">
         <name>DevEmuRegsFile</name>
         <uninitialized>true</uninitialized>
         <run_address>0x880</run_address>
         <size>0xd0</size>
         <input_file_ref idref="fl-17"/>
      </object_component>
      <object_component id="oc-ba">
         <name>FlashRegsFile</name>
         <uninitialized>true</uninitialized>
         <run_address>0xa80</run_address>
         <size>0x8</size>
         <input_file_ref idref="fl-17"/>
      </object_component>
      <object_component id="oc-bd">
         <name>CsmRegsFile</name>
         <uninitialized>true</uninitialized>
         <run_address>0xae0</run_address>
         <size>0x10</size>
         <input_file_ref idref="fl-17"/>
      </object_component>
      <object_component id="oc-bc">
         <name>AdcMirrorFile</name>
         <uninitialized>true</uninitialized>
         <run_address>0xb00</run_address>
         <size>0x10</size>
         <input_file_ref idref="fl-17"/>
      </object_component>
      <object_component id="oc-c5">
         <name>XintfRegsFile</name>
         <uninitialized>true</uninitialized>
         <run_address>0xb20</run_address>
         <size>0x1e</size>
         <input_file_ref idref="fl-17"/>
      </object_component>
      <object_component id="oc-b6">
         <name>CpuTimer0RegsFile</name>
         <uninitialized>true</uninitialized>
         <run_address>0xc00</run_address>
         <size>0x8</size>
         <input_file_ref idref="fl-17"/>
      </object_component>
      <object_component id="oc-b7">
         <name>CpuTimer1RegsFile</name>
         <uninitialized>true</uninitialized>
         <run_address>0xc08</run_address>
         <size>0x8</size>
         <input_file_ref idref="fl-17"/>
      </object_component>
      <object_component id="oc-b8">
         <name>CpuTimer2RegsFile</name>
         <uninitialized>true</uninitialized>
         <run_address>0xc10</run_address>
         <size>0x8</size>
         <input_file_ref idref="fl-17"/>
      </object_component>
      <object_component id="oc-c3">
         <name>PieCtrlRegsFile</name>
         <uninitialized>true</uninitialized>
         <run_address>0xce0</run_address>
         <size>0x1a</size>
         <input_file_ref idref="fl-17"/>
      </object_component>
      <object_component id="oc-e3">
         <name>DmaRegsFile</name>
         <uninitialized>true</uninitialized>
         <run_address>0x1000</run_address>
         <size>0xe0</size>
         <input_file_ref idref="fl-17"/>
      </object_component>
      <object_component id="oc-d5">
         <name>McbspaRegsFile</name>
         <uninitialized>true</uninitialized>
         <run_address>0x5000</run_address>
         <size>0x25</size>
         <input_file_ref idref="fl-17"/>
      </object_component>
      <object_component id="oc-d6">
         <name>McbspbRegsFile</name>
         <uninitialized>true</uninitialized>
         <run_address>0x5040</run_address>
         <size>0x25</size>
         <input_file_ref idref="fl-17"/>
      </object_component>
      <object_component id="oc-d8">
         <name>ECanaRegsFile</name>
         <uninitialized>true</uninitialized>
         <run_address>0x6000</run_address>
         <size>0x34</size>
         <input_file_ref idref="fl-17"/>
      </object_component>
      <object_component id="oc-da">
         <name>ECanaLAMRegsFile</name>
         <uninitialized>true</uninitialized>
         <run_address>0x6040</run_address>
         <size>0x40</size>
         <input_file_ref idref="fl-17"/>
      </object_component>
      <object_component id="oc-e4">
         <name>ECanaMboxesFile</name>
         <uninitialized>true</uninitialized>
         <run_address>0x6100</run_address>
         <size>0x100</size>
         <input_file_ref idref="fl-17"/>
      </object_component>
      <object_component id="oc-db">
         <name>ECanaMOTSRegsFile</name>
         <uninitialized>true</uninitialized>
         <run_address>0x6080</run_address>
         <size>0x40</size>
         <input_file_ref idref="fl-17"/>
      </object_component>
      <object_component id="oc-dc">
         <name>ECanaMOTORegsFile</name>
         <uninitialized>true</uninitialized>
         <run_address>0x60c0</run_address>
         <size>0x40</size>
         <input_file_ref idref="fl-17"/>
      </object_component>
      <object_component id="oc-d9">
         <name>ECanbRegsFile</name>
         <uninitialized>true</uninitialized>
         <run_address>0x6200</run_address>
         <size>0x34</size>
         <input_file_ref idref="fl-17"/>
      </object_component>
      <object_component id="oc-dd">
         <name>ECanbLAMRegsFile</name>
         <uninitialized>true</uninitialized>
         <run_address>0x6240</run_address>
         <size>0x40</size>
         <input_file_ref idref="fl-17"/>
      </object_component>
      <object_component id="oc-e5">
         <name>ECanbMboxesFile</name>
         <uninitialized>true</uninitialized>
         <run_address>0x6300</run_address>
         <size>0x100</size>
         <input_file_ref idref="fl-17"/>
      </object_component>
      <object_component id="oc-de">
         <name>ECanbMOTSRegsFile</name>
         <uninitialized>true</uninitialized>
         <run_address>0x6280</run_address>
         <size>0x40</size>
         <input_file_ref idref="fl-17"/>
      </object_component>
      <object_component id="oc-df">
         <name>ECanbMOTORegsFile</name>
         <uninitialized>true</uninitialized>
         <run_address>0x62c0</run_address>
         <size>0x40</size>
         <input_file_ref idref="fl-17"/>
      </object_component>
      <object_component id="oc-ce">
         <name>EPwm1RegsFile</name>
         <uninitialized>true</uninitialized>
         <run_address>0x6800</run_address>
         <size>0x22</size>
         <input_file_ref idref="fl-17"/>
      </object_component>
      <object_component id="oc-cf">
         <name>EPwm2RegsFile</name>
         <uninitialized>true</uninitialized>
         <run_address>0x6840</run_address>
         <size>0x22</size>
         <input_file_ref idref="fl-17"/>
      </object_component>
      <object_component id="oc-d0">
         <name>EPwm3RegsFile</name>
         <uninitialized>true</uninitialized>
         <run_address>0x6880</run_address>
         <size>0x22</size>
         <input_file_ref idref="fl-17"/>
      </object_component>
      <object_component id="oc-d1">
         <name>EPwm4RegsFile</name>
         <uninitialized>true</uninitialized>
         <run_address>0x68c0</run_address>
         <size>0x22</size>
         <input_file_ref idref="fl-17"/>
      </object_component>
      <object_component id="oc-d2">
         <name>EPwm5RegsFile</name>
         <uninitialized>true</uninitialized>
         <run_address>0x6900</run_address>
         <size>0x22</size>
         <input_file_ref idref="fl-17"/>
      </object_component>
      <object_component id="oc-d3">
         <name>EPwm6RegsFile</name>
         <uninitialized>true</uninitialized>
         <run_address>0x6940</run_address>
         <size>0x22</size>
         <input_file_ref idref="fl-17"/>
      </object_component>
      <object_component id="oc-c6">
         <name>ECap1RegsFile</name>
         <uninitialized>true</uninitialized>
         <run_address>0x6a00</run_address>
         <size>0x20</size>
         <input_file_ref idref="fl-17"/>
      </object_component>
      <object_component id="oc-c7">
         <name>ECap2RegsFile</name>
         <uninitialized>true</uninitialized>
         <run_address>0x6a20</run_address>
         <size>0x20</size>
         <input_file_ref idref="fl-17"/>
      </object_component>
      <object_component id="oc-c8">
         <name>ECap3RegsFile</name>
         <uninitialized>true</uninitialized>
         <run_address>0x6a40</run_address>
         <size>0x20</size>
         <input_file_ref idref="fl-17"/>
      </object_component>
      <object_component id="oc-c9">
         <name>ECap4RegsFile</name>
         <uninitialized>true</uninitialized>
         <run_address>0x6a60</run_address>
         <size>0x20</size>
         <input_file_ref idref="fl-17"/>
      </object_component>
      <object_component id="oc-ca">
         <name>ECap5RegsFile</name>
         <uninitialized>true</uninitialized>
         <run_address>0x6a80</run_address>
         <size>0x20</size>
         <input_file_ref idref="fl-17"/>
      </object_component>
      <object_component id="oc-cb">
         <name>ECap6RegsFile</name>
         <uninitialized>true</uninitialized>
         <run_address>0x6aa0</run_address>
         <size>0x20</size>
         <input_file_ref idref="fl-17"/>
      </object_component>
      <object_component id="oc-e0">
         <name>EQep1RegsFile</name>
         <uninitialized>true</uninitialized>
         <run_address>0x6b00</run_address>
         <size>0x40</size>
         <input_file_ref idref="fl-17"/>
      </object_component>
      <object_component id="oc-e1">
         <name>EQep2RegsFile</name>
         <uninitialized>true</uninitialized>
         <run_address>0x6b40</run_address>
         <size>0x40</size>
         <input_file_ref idref="fl-17"/>
      </object_component>
      <object_component id="oc-d7">
         <name>GpioCtrlRegsFile</name>
         <uninitialized>true</uninitialized>
         <run_address>0x6f80</run_address>
         <size>0x2e</size>
         <input_file_ref idref="fl-17"/>
      </object_component>
      <object_component id="oc-cc">
         <name>GpioDataRegsFile</name>
         <uninitialized>true</uninitialized>
         <run_address>0x6fc0</run_address>
         <size>0x20</size>
         <input_file_ref idref="fl-17"/>
      </object_component>
      <object_component id="oc-bb">
         <name>GpioIntRegsFile</name>
         <uninitialized>true</uninitialized>
         <run_address>0x6fe0</run_address>
         <size>0xa</size>
         <input_file_ref idref="fl-17"/>
      </object_component>
      <object_component id="oc-cd">
         <name>SysCtrlRegsFile</name>
         <uninitialized>true</uninitialized>
         <run_address>0x7010</run_address>
         <size>0x20</size>
         <input_file_ref idref="fl-17"/>
      </object_component>
      <object_component id="oc-c1">
         <name>SpiaRegsFile</name>
         <uninitialized>true</uninitialized>
         <run_address>0x7040</run_address>
         <size>0x10</size>
         <input_file_ref idref="fl-17"/>
      </object_component>
      <object_component id="oc-be">
         <name>SciaRegsFile</name>
         <uninitialized>true</uninitialized>
         <run_address>0x7050</run_address>
         <size>0x10</size>
         <input_file_ref idref="fl-17"/>
      </object_component>
      <object_component id="oc-c2">
         <name>XIntruptRegsFile</name>
         <uninitialized>true</uninitialized>
         <run_address>0x7070</run_address>
         <size>0x10</size>
         <input_file_ref idref="fl-17"/>
      </object_component>
      <object_component id="oc-c4">
         <name>AdcRegsFile</name>
         <uninitialized>true</uninitialized>
         <run_address>0x7100</run_address>
         <size>0x1e</size>
         <input_file_ref idref="fl-17"/>
      </object_component>
      <object_component id="oc-bf">
         <name>ScibRegsFile</name>
         <uninitialized>true</uninitialized>
         <run_address>0x7750</run_address>
         <size>0x10</size>
         <input_file_ref idref="fl-17"/>
      </object_component>
      <object_component id="oc-c0">
         <name>ScicRegsFile</name>
         <uninitialized>true</uninitialized>
         <run_address>0x7770</run_address>
         <size>0x10</size>
         <input_file_ref idref="fl-17"/>
      </object_component>
      <object_component id="oc-d4">
         <name>I2caRegsFile</name>
         <uninitialized>true</uninitialized>
         <run_address>0x7900</run_address>
         <size>0x22</size>
         <input_file_ref idref="fl-17"/>
      </object_component>
      <object_component id="oc-b9">
         <name>CsmPwlFile</name>
         <uninitialized>true</uninitialized>
         <run_address>0x33fff8</run_address>
         <size>0x8</size>
         <input_file_ref idref="fl-17"/>
      </object_component>
      <object_component id="oc-b5">
         <name>PartIdRegsFile</name>
         <uninitialized>true</uninitialized>
         <run_address>0x380090</run_address>
         <size>0x1</size>
         <input_file_ref idref="fl-17"/>
      </object_component>
      <object_component id="oc-4a">
         <name>.debug_info</name>
         <load_address>0x0</load_address>
         <run_address>0x0</run_address>
         <size>0x4a45</size>
         <input_file_ref idref="fl-2"/>
      </object_component>
      <object_component id="oc-50">
         <name>.debug_info</name>
         <load_address>0x4a45</load_address>
         <run_address>0x4a45</run_address>
         <size>0x1180</size>
         <input_file_ref idref="fl-3"/>
      </object_component>
      <object_component id="oc-55">
         <name>.debug_info</name>
         <load_address>0x5bc5</load_address>
         <run_address>0x5bc5</run_address>
         <size>0x33bf</size>
         <input_file_ref idref="fl-4"/>
      </object_component>
      <object_component id="oc-5a">
         <name>.debug_info</name>
         <load_address>0x8f84</load_address>
         <run_address>0x8f84</run_address>
         <size>0x1e90</size>
         <input_file_ref idref="fl-5"/>
      </object_component>
      <object_component id="oc-5f">
         <name>.debug_info</name>
         <load_address>0xae14</load_address>
         <run_address>0xae14</run_address>
         <size>0x488b</size>
         <input_file_ref idref="fl-6"/>
      </object_component>
      <object_component id="oc-64">
         <name>.debug_info</name>
         <load_address>0xf69f</load_address>
         <run_address>0xf69f</run_address>
         <size>0x24c3</size>
         <input_file_ref idref="fl-7"/>
      </object_component>
      <object_component id="oc-69">
         <name>.debug_info</name>
         <load_address>0x11b62</load_address>
         <run_address>0x11b62</run_address>
         <size>0xf1a</size>
         <input_file_ref idref="fl-8"/>
      </object_component>
      <object_component id="oc-6e">
         <name>.debug_info</name>
         <load_address>0x12a7c</load_address>
         <run_address>0x12a7c</run_address>
         <size>0x1604</size>
         <input_file_ref idref="fl-9"/>
      </object_component>
      <object_component id="oc-73">
         <name>.debug_info</name>
         <load_address>0x14080</load_address>
         <run_address>0x14080</run_address>
         <size>0x3358</size>
         <input_file_ref idref="fl-a"/>
      </object_component>
      <object_component id="oc-78">
         <name>.debug_info</name>
         <load_address>0x173d8</load_address>
         <run_address>0x173d8</run_address>
         <size>0x2602</size>
         <input_file_ref idref="fl-b"/>
      </object_component>
      <object_component id="oc-7d">
         <name>.debug_info</name>
         <load_address>0x199da</load_address>
         <run_address>0x199da</run_address>
         <size>0x20a9</size>
         <input_file_ref idref="fl-c"/>
      </object_component>
      <object_component id="oc-84">
         <name>.debug_info</name>
         <load_address>0x1ba83</load_address>
         <run_address>0x1ba83</run_address>
         <size>0xf8</size>
         <input_file_ref idref="fl-d"/>
      </object_component>
      <object_component id="oc-87">
         <name>.debug_info</name>
         <load_address>0x1bb7b</load_address>
         <run_address>0x1bb7b</run_address>
         <size>0x1eed</size>
         <input_file_ref idref="fl-e"/>
      </object_component>
      <object_component id="oc-91">
         <name>.debug_info</name>
         <load_address>0x1da68</load_address>
         <run_address>0x1da68</run_address>
         <size>0x13a</size>
         <input_file_ref idref="fl-10"/>
      </object_component>
      <object_component id="oc-94">
         <name>.debug_info</name>
         <load_address>0x1dba2</load_address>
         <run_address>0x1dba2</run_address>
         <size>0x991</size>
         <input_file_ref idref="fl-11"/>
      </object_component>
      <object_component id="oc-9c">
         <name>.debug_info</name>
         <load_address>0x1e533</load_address>
         <run_address>0x1e533</run_address>
         <size>0xf6</size>
         <input_file_ref idref="fl-12"/>
      </object_component>
      <object_component id="oc-9f">
         <name>.debug_info</name>
         <load_address>0x1e629</load_address>
         <run_address>0x1e629</run_address>
         <size>0x26aa</size>
         <input_file_ref idref="fl-13"/>
      </object_component>
      <object_component id="oc-a7">
         <name>.debug_info</name>
         <load_address>0x20cd3</load_address>
         <run_address>0x20cd3</run_address>
         <size>0xfc</size>
         <input_file_ref idref="fl-14"/>
      </object_component>
      <object_component id="oc-aa">
         <name>.debug_info</name>
         <load_address>0x20dcf</load_address>
         <run_address>0x20dcf</run_address>
         <size>0x205c</size>
         <input_file_ref idref="fl-15"/>
      </object_component>
      <object_component id="oc-af">
         <name>.debug_info</name>
         <load_address>0x22e2b</load_address>
         <run_address>0x22e2b</run_address>
         <size>0x1b69</size>
         <input_file_ref idref="fl-16"/>
      </object_component>
      <object_component id="oc-b4">
         <name>.debug_info</name>
         <load_address>0x24994</load_address>
         <run_address>0x24994</run_address>
         <size>0x13420</size>
         <input_file_ref idref="fl-17"/>
      </object_component>
      <object_component id="oc-e8">
         <name>.debug_info</name>
         <load_address>0x37db4</load_address>
         <run_address>0x37db4</run_address>
         <size>0x1b69</size>
         <input_file_ref idref="fl-18"/>
      </object_component>
      <object_component id="oc-ed">
         <name>.debug_info</name>
         <load_address>0x3991d</load_address>
         <run_address>0x3991d</run_address>
         <size>0x1c3a</size>
         <input_file_ref idref="fl-19"/>
      </object_component>
      <object_component id="oc-f2">
         <name>.debug_info</name>
         <load_address>0x3b557</load_address>
         <run_address>0x3b557</run_address>
         <size>0x334</size>
         <input_file_ref idref="fl-1a"/>
      </object_component>
      <object_component id="oc-f7">
         <name>.debug_info</name>
         <load_address>0x3b88b</load_address>
         <run_address>0x3b88b</run_address>
         <size>0xb39</size>
         <input_file_ref idref="fl-1b"/>
      </object_component>
      <object_component id="oc-fc">
         <name>.debug_info</name>
         <load_address>0x3c3c4</load_address>
         <run_address>0x3c3c4</run_address>
         <size>0x22af</size>
         <input_file_ref idref="fl-1c"/>
      </object_component>
      <object_component id="oc-101">
         <name>.debug_info</name>
         <load_address>0x3e673</load_address>
         <run_address>0x3e673</run_address>
         <size>0x1d40</size>
         <input_file_ref idref="fl-1d"/>
      </object_component>
      <object_component id="oc-106">
         <name>.debug_info</name>
         <load_address>0x403b3</load_address>
         <run_address>0x403b3</run_address>
         <size>0x20ac</size>
         <input_file_ref idref="fl-1e"/>
      </object_component>
      <object_component id="oc-10b">
         <name>.debug_info</name>
         <load_address>0x4245f</load_address>
         <run_address>0x4245f</run_address>
         <size>0x2120</size>
         <input_file_ref idref="fl-1f"/>
      </object_component>
      <object_component id="oc-112">
         <name>.debug_info</name>
         <load_address>0x4457f</load_address>
         <run_address>0x4457f</run_address>
         <size>0xf8</size>
         <input_file_ref idref="fl-20"/>
      </object_component>
      <object_component id="oc-115">
         <name>.debug_info</name>
         <load_address>0x44677</load_address>
         <run_address>0x44677</run_address>
         <size>0xf71</size>
         <input_file_ref idref="fl-21"/>
      </object_component>
      <object_component id="oc-11b">
         <name>.debug_info</name>
         <load_address>0x455e8</load_address>
         <run_address>0x455e8</run_address>
         <size>0x1748</size>
         <input_file_ref idref="fl-22"/>
      </object_component>
      <object_component id="oc-120">
         <name>.debug_info</name>
         <load_address>0x46d30</load_address>
         <run_address>0x46d30</run_address>
         <size>0x1230</size>
         <input_file_ref idref="fl-23"/>
      </object_component>
      <object_component id="oc-125">
         <name>.debug_info</name>
         <load_address>0x47f60</load_address>
         <run_address>0x47f60</run_address>
         <size>0x989</size>
         <input_file_ref idref="fl-24"/>
      </object_component>
      <object_component id="oc-12c">
         <name>.debug_info</name>
         <load_address>0x488e9</load_address>
         <run_address>0x488e9</run_address>
         <size>0x8cd</size>
         <input_file_ref idref="fl-25"/>
      </object_component>
      <object_component id="oc-131">
         <name>.debug_info</name>
         <load_address>0x491b6</load_address>
         <run_address>0x491b6</run_address>
         <size>0x173f</size>
         <input_file_ref idref="fl-26"/>
      </object_component>
      <object_component id="oc-136">
         <name>.debug_info</name>
         <load_address>0x4a8f5</load_address>
         <run_address>0x4a8f5</run_address>
         <size>0x925</size>
         <input_file_ref idref="fl-27"/>
      </object_component>
      <object_component id="oc-13b">
         <name>.debug_info</name>
         <load_address>0x4b21a</load_address>
         <run_address>0x4b21a</run_address>
         <size>0x9f5</size>
         <input_file_ref idref="fl-28"/>
      </object_component>
      <object_component id="oc-140">
         <name>.debug_info</name>
         <load_address>0x4bc0f</load_address>
         <run_address>0x4bc0f</run_address>
         <size>0xa3d</size>
         <input_file_ref idref="fl-29"/>
      </object_component>
      <object_component id="oc-145">
         <name>.debug_info</name>
         <load_address>0x4c64c</load_address>
         <run_address>0x4c64c</run_address>
         <size>0x1004</size>
         <input_file_ref idref="fl-2a"/>
      </object_component>
      <object_component id="oc-14a">
         <name>.debug_info</name>
         <load_address>0x4d650</load_address>
         <run_address>0x4d650</run_address>
         <size>0xad7</size>
         <input_file_ref idref="fl-2b"/>
      </object_component>
      <object_component id="oc-14f">
         <name>.debug_info</name>
         <load_address>0x4e127</load_address>
         <run_address>0x4e127</run_address>
         <size>0x433</size>
         <input_file_ref idref="fl-2c"/>
      </object_component>
      <object_component id="oc-154">
         <name>.debug_info</name>
         <load_address>0x4e55a</load_address>
         <run_address>0x4e55a</run_address>
         <size>0x1a94</size>
         <input_file_ref idref="fl-2d"/>
      </object_component>
      <object_component id="oc-158">
         <name>.debug_info</name>
         <load_address>0x4ffee</load_address>
         <run_address>0x4ffee</run_address>
         <size>0x24ba</size>
         <input_file_ref idref="fl-2e"/>
      </object_component>
      <object_component id="oc-15f">
         <name>.debug_info</name>
         <load_address>0x524a8</load_address>
         <run_address>0x524a8</run_address>
         <size>0x861</size>
         <input_file_ref idref="fl-2f"/>
      </object_component>
      <object_component id="oc-166">
         <name>.debug_info</name>
         <load_address>0x52d09</load_address>
         <run_address>0x52d09</run_address>
         <size>0x644</size>
         <input_file_ref idref="fl-30"/>
      </object_component>
      <object_component id="oc-16b">
         <name>.debug_info</name>
         <load_address>0x5334d</load_address>
         <run_address>0x5334d</run_address>
         <size>0x4a0</size>
         <input_file_ref idref="fl-31"/>
      </object_component>
      <object_component id="oc-170">
         <name>.debug_info</name>
         <load_address>0x537ed</load_address>
         <run_address>0x537ed</run_address>
         <size>0x551</size>
         <input_file_ref idref="fl-32"/>
      </object_component>
      <object_component id="oc-175">
         <name>.debug_info</name>
         <load_address>0x53d3e</load_address>
         <run_address>0x53d3e</run_address>
         <size>0x5a4</size>
         <input_file_ref idref="fl-33"/>
      </object_component>
      <object_component id="oc-17c">
         <name>.debug_info</name>
         <load_address>0x542e2</load_address>
         <run_address>0x542e2</run_address>
         <size>0x698</size>
         <input_file_ref idref="fl-34"/>
      </object_component>
      <object_component id="oc-181">
         <name>.debug_info</name>
         <load_address>0x5497a</load_address>
         <run_address>0x5497a</run_address>
         <size>0x1572</size>
         <input_file_ref idref="fl-35"/>
      </object_component>
      <object_component id="oc-186">
         <name>.debug_info</name>
         <load_address>0x55eec</load_address>
         <run_address>0x55eec</run_address>
         <size>0x82a</size>
         <input_file_ref idref="fl-36"/>
      </object_component>
      <object_component id="oc-18c">
         <name>.debug_info</name>
         <load_address>0x56716</load_address>
         <run_address>0x56716</run_address>
         <size>0x15c</size>
         <input_file_ref idref="fl-43"/>
      </object_component>
      <object_component id="oc-192">
         <name>.debug_info</name>
         <load_address>0x56872</load_address>
         <run_address>0x56872</run_address>
         <size>0x1bf</size>
         <input_file_ref idref="fl-44"/>
      </object_component>
      <object_component id="oc-196">
         <name>.debug_info</name>
         <load_address>0x56a31</load_address>
         <run_address>0x56a31</run_address>
         <size>0x15c</size>
         <input_file_ref idref="fl-45"/>
      </object_component>
      <object_component id="oc-19b">
         <name>.debug_info</name>
         <load_address>0x56b8d</load_address>
         <run_address>0x56b8d</run_address>
         <size>0x15c</size>
         <input_file_ref idref="fl-46"/>
      </object_component>
      <object_component id="oc-1a1">
         <name>.debug_info</name>
         <load_address>0x56ce9</load_address>
         <run_address>0x56ce9</run_address>
         <size>0x1c1</size>
         <input_file_ref idref="fl-47"/>
      </object_component>
      <object_component id="oc-1a9">
         <name>.debug_info</name>
         <load_address>0x56eaa</load_address>
         <run_address>0x56eaa</run_address>
         <size>0x173</size>
         <input_file_ref idref="fl-4b"/>
      </object_component>
      <object_component id="oc-1ad">
         <name>.debug_info</name>
         <load_address>0x5701d</load_address>
         <run_address>0x5701d</run_address>
         <size>0x561</size>
         <input_file_ref idref="fl-4c"/>
      </object_component>
      <object_component id="oc-1b2">
         <name>.debug_info</name>
         <load_address>0x5757e</load_address>
         <run_address>0x5757e</run_address>
         <size>0x43a</size>
         <input_file_ref idref="fl-4d"/>
      </object_component>
      <object_component id="oc-1b7">
         <name>.debug_info</name>
         <load_address>0x579b8</load_address>
         <run_address>0x579b8</run_address>
         <size>0x3ad</size>
         <input_file_ref idref="fl-4e"/>
      </object_component>
      <object_component id="oc-1bc">
         <name>.debug_info</name>
         <load_address>0x57d65</load_address>
         <run_address>0x57d65</run_address>
         <size>0x3aa</size>
         <input_file_ref idref="fl-4f"/>
      </object_component>
      <object_component id="oc-1c1">
         <name>.debug_info</name>
         <load_address>0x5810f</load_address>
         <run_address>0x5810f</run_address>
         <size>0x544</size>
         <input_file_ref idref="fl-50"/>
      </object_component>
      <object_component id="oc-1c8">
         <name>.debug_info</name>
         <load_address>0x58653</load_address>
         <run_address>0x58653</run_address>
         <size>0x4cc</size>
         <input_file_ref idref="fl-51"/>
      </object_component>
      <object_component id="oc-1cd">
         <name>.debug_info</name>
         <load_address>0x58b1f</load_address>
         <run_address>0x58b1f</run_address>
         <size>0x467</size>
         <input_file_ref idref="fl-52"/>
      </object_component>
      <object_component id="oc-261">
         <name>.debug_info</name>
         <load_address>0x58f86</load_address>
         <run_address>0x58f86</run_address>
         <size>0x9b</size>
      </object_component>
      <object_component id="oc-4c">
         <name>.debug_frame</name>
         <load_address>0x0</load_address>
         <run_address>0x0</run_address>
         <size>0x180</size>
         <input_file_ref idref="fl-2"/>
      </object_component>
      <object_component id="oc-51">
         <name>.debug_frame</name>
         <load_address>0x180</load_address>
         <run_address>0x180</run_address>
         <size>0x40</size>
         <input_file_ref idref="fl-3"/>
      </object_component>
      <object_component id="oc-56">
         <name>.debug_frame</name>
         <load_address>0x1c0</load_address>
         <run_address>0x1c0</run_address>
         <size>0x58</size>
         <input_file_ref idref="fl-4"/>
      </object_component>
      <object_component id="oc-5b">
         <name>.debug_frame</name>
         <load_address>0x218</load_address>
         <run_address>0x218</run_address>
         <size>0x40</size>
         <input_file_ref idref="fl-5"/>
      </object_component>
      <object_component id="oc-60">
         <name>.debug_frame</name>
         <load_address>0x258</load_address>
         <run_address>0x258</run_address>
         <size>0x28</size>
         <input_file_ref idref="fl-6"/>
      </object_component>
      <object_component id="oc-65">
         <name>.debug_frame</name>
         <load_address>0x280</load_address>
         <run_address>0x280</run_address>
         <size>0x88</size>
         <input_file_ref idref="fl-7"/>
      </object_component>
      <object_component id="oc-6a">
         <name>.debug_frame</name>
         <load_address>0x308</load_address>
         <run_address>0x308</run_address>
         <size>0x40</size>
         <input_file_ref idref="fl-8"/>
      </object_component>
      <object_component id="oc-6f">
         <name>.debug_frame</name>
         <load_address>0x348</load_address>
         <run_address>0x348</run_address>
         <size>0x120</size>
         <input_file_ref idref="fl-9"/>
      </object_component>
      <object_component id="oc-74">
         <name>.debug_frame</name>
         <load_address>0x468</load_address>
         <run_address>0x468</run_address>
         <size>0x8c</size>
         <input_file_ref idref="fl-a"/>
      </object_component>
      <object_component id="oc-79">
         <name>.debug_frame</name>
         <load_address>0x4f4</load_address>
         <run_address>0x4f4</run_address>
         <size>0x28</size>
         <input_file_ref idref="fl-b"/>
      </object_component>
      <object_component id="oc-7e">
         <name>.debug_frame</name>
         <load_address>0x51c</load_address>
         <run_address>0x51c</run_address>
         <size>0x40</size>
         <input_file_ref idref="fl-c"/>
      </object_component>
      <object_component id="oc-88">
         <name>.debug_frame</name>
         <load_address>0x55c</load_address>
         <run_address>0x55c</run_address>
         <size>0x40</size>
         <input_file_ref idref="fl-e"/>
      </object_component>
      <object_component id="oc-96">
         <name>.debug_frame</name>
         <load_address>0x59c</load_address>
         <run_address>0x59c</run_address>
         <size>0x5c</size>
         <input_file_ref idref="fl-11"/>
      </object_component>
      <object_component id="oc-a1">
         <name>.debug_frame</name>
         <load_address>0x5f8</load_address>
         <run_address>0x5f8</run_address>
         <size>0xa08</size>
         <input_file_ref idref="fl-13"/>
      </object_component>
      <object_component id="oc-ab">
         <name>.debug_frame</name>
         <load_address>0x1000</load_address>
         <run_address>0x1000</run_address>
         <size>0x118</size>
         <input_file_ref idref="fl-15"/>
      </object_component>
      <object_component id="oc-b0">
         <name>.debug_frame</name>
         <load_address>0x1118</load_address>
         <run_address>0x1118</run_address>
         <size>0x28</size>
         <input_file_ref idref="fl-16"/>
      </object_component>
      <object_component id="oc-e9">
         <name>.debug_frame</name>
         <load_address>0x1140</load_address>
         <run_address>0x1140</run_address>
         <size>0x28</size>
         <input_file_ref idref="fl-18"/>
      </object_component>
      <object_component id="oc-ee">
         <name>.debug_frame</name>
         <load_address>0x1168</load_address>
         <run_address>0x1168</run_address>
         <size>0x58</size>
         <input_file_ref idref="fl-19"/>
      </object_component>
      <object_component id="oc-f3">
         <name>.debug_frame</name>
         <load_address>0x11c0</load_address>
         <run_address>0x11c0</run_address>
         <size>0x28</size>
         <input_file_ref idref="fl-1a"/>
      </object_component>
      <object_component id="oc-f8">
         <name>.debug_frame</name>
         <load_address>0x11e8</load_address>
         <run_address>0x11e8</run_address>
         <size>0x58</size>
         <input_file_ref idref="fl-1b"/>
      </object_component>
      <object_component id="oc-fd">
         <name>.debug_frame</name>
         <load_address>0x1240</load_address>
         <run_address>0x1240</run_address>
         <size>0x44</size>
         <input_file_ref idref="fl-1c"/>
      </object_component>
      <object_component id="oc-102">
         <name>.debug_frame</name>
         <load_address>0x1284</load_address>
         <run_address>0x1284</run_address>
         <size>0x88</size>
         <input_file_ref idref="fl-1d"/>
      </object_component>
      <object_component id="oc-107">
         <name>.debug_frame</name>
         <load_address>0x130c</load_address>
         <run_address>0x130c</run_address>
         <size>0xc0</size>
         <input_file_ref idref="fl-1e"/>
      </object_component>
      <object_component id="oc-10c">
         <name>.debug_frame</name>
         <load_address>0x13cc</load_address>
         <run_address>0x13cc</run_address>
         <size>0x28</size>
         <input_file_ref idref="fl-1f"/>
      </object_component>
      <object_component id="oc-117">
         <name>.debug_frame</name>
         <load_address>0x13f4</load_address>
         <run_address>0x13f4</run_address>
         <size>0x84</size>
         <input_file_ref idref="fl-21"/>
      </object_component>
      <object_component id="oc-11c">
         <name>.debug_frame</name>
         <load_address>0x1478</load_address>
         <run_address>0x1478</run_address>
         <size>0xc8</size>
         <input_file_ref idref="fl-22"/>
      </object_component>
      <object_component id="oc-121">
         <name>.debug_frame</name>
         <load_address>0x1540</load_address>
         <run_address>0x1540</run_address>
         <size>0x5c</size>
         <input_file_ref idref="fl-23"/>
      </object_component>
      <object_component id="oc-128">
         <name>.debug_frame</name>
         <load_address>0x159c</load_address>
         <run_address>0x159c</run_address>
         <size>0x28</size>
         <input_file_ref idref="fl-24"/>
      </object_component>
      <object_component id="oc-12d">
         <name>.debug_frame</name>
         <load_address>0x15c4</load_address>
         <run_address>0x15c4</run_address>
         <size>0x58</size>
         <input_file_ref idref="fl-25"/>
      </object_component>
      <object_component id="oc-132">
         <name>.debug_frame</name>
         <load_address>0x161c</load_address>
         <run_address>0x161c</run_address>
         <size>0x11c</size>
         <input_file_ref idref="fl-26"/>
      </object_component>
      <object_component id="oc-137">
         <name>.debug_frame</name>
         <load_address>0x1738</load_address>
         <run_address>0x1738</run_address>
         <size>0x60</size>
         <input_file_ref idref="fl-27"/>
      </object_component>
      <object_component id="oc-13c">
         <name>.debug_frame</name>
         <load_address>0x1798</load_address>
         <run_address>0x1798</run_address>
         <size>0x9c</size>
         <input_file_ref idref="fl-28"/>
      </object_component>
      <object_component id="oc-141">
         <name>.debug_frame</name>
         <load_address>0x1834</load_address>
         <run_address>0x1834</run_address>
         <size>0x5c</size>
         <input_file_ref idref="fl-29"/>
      </object_component>
      <object_component id="oc-146">
         <name>.debug_frame</name>
         <load_address>0x1890</load_address>
         <run_address>0x1890</run_address>
         <size>0x178</size>
         <input_file_ref idref="fl-2a"/>
      </object_component>
      <object_component id="oc-14b">
         <name>.debug_frame</name>
         <load_address>0x1a08</load_address>
         <run_address>0x1a08</run_address>
         <size>0x94</size>
         <input_file_ref idref="fl-2b"/>
      </object_component>
      <object_component id="oc-150">
         <name>.debug_frame</name>
         <load_address>0x1a9c</load_address>
         <run_address>0x1a9c</run_address>
         <size>0x44</size>
         <input_file_ref idref="fl-2c"/>
      </object_component>
      <object_component id="oc-15b">
         <name>.debug_frame</name>
         <load_address>0x1ae0</load_address>
         <run_address>0x1ae0</run_address>
         <size>0xa0</size>
         <input_file_ref idref="fl-2e"/>
      </object_component>
      <object_component id="oc-162">
         <name>.debug_frame</name>
         <load_address>0x1b80</load_address>
         <run_address>0x1b80</run_address>
         <size>0x70</size>
         <input_file_ref idref="fl-2f"/>
      </object_component>
      <object_component id="oc-167">
         <name>.debug_frame</name>
         <load_address>0x1bf0</load_address>
         <run_address>0x1bf0</run_address>
         <size>0x98</size>
         <input_file_ref idref="fl-30"/>
      </object_component>
      <object_component id="oc-16c">
         <name>.debug_frame</name>
         <load_address>0x1c88</load_address>
         <run_address>0x1c88</run_address>
         <size>0x44</size>
         <input_file_ref idref="fl-31"/>
      </object_component>
[...]
         <value>0xd010</value>
         <object_component_ref idref="oc-156"/>
      </symbol>
      <symbol id="sm-59e">
         <name>_zhiliu_count</name>
         <value>0xd006</value>
         <object_component_ref idref="oc-156"/>
      </symbol>
      <symbol id="sm-59f">
         <name>_id_filtrate</name>
         <value>0xd218</value>
         <object_component_ref idref="oc-156"/>
      </symbol>
      <symbol id="sm-5a0">
         <name>_ASR</name>
         <value>0xd0d4</value>
         <object_component_ref idref="oc-156"/>
      </symbol>
      <symbol id="sm-5a1">
         <name>_ADRC_speed</name>
         <value>0xd240</value>
         <object_component_ref idref="oc-156"/>
      </symbol>
      <symbol id="sm-5a2">
         <name>_Weak_R</name>
         <value>0xd116</value>
         <object_component_ref idref="oc-156"/>
      </symbol>
      <symbol id="sm-5a3">
         <name>_A_IB_R</name>
         <value>0xd156</value>
         <object_component_ref idref="oc-156"/>
      </symbol>
      <symbol id="sm-5a4">
         <name>_id_fankui</name>
         <value>0xd014</value>
         <object_component_ref idref="oc-156"/>
      </symbol>
      <symbol id="sm-5a5">
         <name>_Adcget</name>
         <value>0xd092</value>
         <object_component_ref idref="oc-156"/>
      </symbol>
      <symbol id="sm-5a6">
         <name>_FlagRegs</name>
         <value>0xd000</value>
         <object_component_ref idref="oc-156"/>
      </symbol>
      <symbol id="sm-5a7">
         <name>_theta</name>
         <value>0xd01a</value>
         <object_component_ref idref="oc-156"/>
      </symbol>
      <symbol id="sm-5a8">
         <name>_Emf_get</name>
         <value>0xd066</value>
         <object_component_ref idref="oc-156"/>
      </symbol>
      <symbol id="sm-5a9">
         <name>_PR_Ialpha</name>
         <value>0xd196</value>
         <object_component_ref idref="oc-156"/>
      </symbol>
      <symbol id="sm-5aa">
         <name>_Wm_Filter</name>
         <value>0xd034</value>
         <object_component_ref idref="oc-156"/>
      </symbol>
      <symbol id="sm-5ab">
         <name>_PLL_e</name>
         <value>0xd04c</value>
         <object_component_ref idref="oc-156"/>
      </symbol>
      <symbol id="sm-5ac">
         <name>_Pll</name>
         <value>0xd040</value>
         <object_component_ref idref="oc-156"/>
      </symbol>
      <symbol id="sm-5ad">
         <name>_Ialphabeta_to_Idq</name>
         <value>0xd0a6</value>
         <object_component_ref idref="oc-156"/>
      </symbol>
      <symbol id="sm-5ae">
         <name>_iq_fankui</name>
         <value>0xd016</value>
         <object_component_ref idref="oc-156"/>
      </symbol>
      <symbol id="sm-5af">
         <name>_Udq_to_Ualphabeta</name>
         <value>0xd0c0</value>
         <object_component_ref idref="oc-156"/>
      </symbol>
      <symbol id="sm-5b0">
         <name>_A_IC_R</name>
         <value>0xd180</value>
         <object_component_ref idref="oc-156"/>
      </symbol>
      <symbol id="sm-5b1">
         <name>_theta_buchan</name>
         <value>0xd020</value>
         <object_component_ref idref="oc-156"/>
      </symbol>
      <symbol id="sm-5b2">
         <name>_ADRC_iq</name>
         <value>0xd2c0</value>
         <object_component_ref idref="oc-156"/>
      </symbol>
      <symbol id="sm-5b3">
         <name>_ADRC_id</name>
         <value>0xd280</value>
         <object_component_ref idref="oc-156"/>
      </symbol>
      <symbol id="sm-5b4">
         <name>_Svpwm</name>
         <value>0xd058</value>
         <object_component_ref idref="oc-156"/>
      </symbol>
      <symbol id="sm-5b5">
         <name>_CounterRegs</name>
         <value>0xd002</value>
         <object_component_ref idref="oc-156"/>
      </symbol>
      <symbol id="sm-5b6">
         <name>_thetam_given</name>
         <value>0xd01c</value>
         <object_component_ref idref="oc-156"/>
      </symbol>
      <symbol id="sm-5b7">
         <name>_We_Filter</name>
         <value>0xd024</value>
         <object_component_ref idref="oc-156"/>
      </symbol>
      <symbol id="sm-5df">
         <name>_PackLength</name>
         <value>0xd5da</value>
         <object_component_ref idref="oc-15a"/>
      </symbol>
      <symbol id="sm-5e0">
         <name>_Switchsystem</name>
         <value>0xd5e2</value>
         <object_component_ref idref="oc-15a"/>
      </symbol>
      <symbol id="sm-5e1">
         <name>_SendData</name>
         <value>0xd5de</value>
         <object_component_ref idref="oc-15a"/>
      </symbol>
      <symbol id="sm-5e2">
         <name>_flagRC</name>
         <value>0xd5d7</value>
         <object_component_ref idref="oc-15a"/>
      </symbol>
      <symbol id="sm-5e3">
         <name>_datasum</name>
         <value>0xd5d9</value>
         <object_component_ref idref="oc-15a"/>
      </symbol>
      <symbol id="sm-5e4">
         <name>_TXdeal</name>
         <value>0x9569</value>
         <object_component_ref idref="oc-1d7"/>
      </symbol>
      <symbol id="sm-5e6">
         <name>_SerialNumber</name>
         <value>0xd5e3</value>
         <object_component_ref idref="oc-15a"/>
      </symbol>
      <symbol id="sm-5e7">
         <name>_SendDataNumber</name>
         <value>0xd5df</value>
         <object_component_ref idref="oc-15a"/>
      </symbol>
      <symbol id="sm-5e8">
         <name>_Checkdata</name>
         <value>0x967a</value>
         <object_component_ref idref="oc-1d7"/>
      </symbol>
      <symbol id="sm-5ea">
         <name>_CheckCode</name>
         <value>0xd5dd</value>
         <object_component_ref idref="oc-15a"/>
      </symbol>
      <symbol id="sm-5eb">
         <name>_SortNumber</name>
         <value>0xd5db</value>
         <object_component_ref idref="oc-15a"/>
      </symbol>
      <symbol id="sm-5ec">
         <name>_SciRecieve</name>
         <value>0x96e7</value>
         <object_component_ref idref="oc-1d7"/>
      </symbol>
      <symbol id="sm-5ee">
         <name>_RCBUF</name>
         <value>0xd590</value>
         <object_component_ref idref="oc-1e6"/>
      </symbol>
      <symbol id="sm-5ef">
         <name>_CommandCode</name>
         <value>0xd5dc</value>
         <object_component_ref idref="oc-15a"/>
      </symbol>
      <symbol id="sm-5f0">
         <name>_SciSend</name>
         <value>0x96b4</value>
         <object_component_ref idref="oc-1d7"/>
      </symbol>
      <symbol id="sm-5f2">
         <name>_ReciveRCOUNT</name>
         <value>0xd5d4</value>
         <object_component_ref idref="oc-15a"/>
      </symbol>
      <symbol id="sm-5f3">
         <name>_Data_send</name>
         <value>0xd5e0</value>
         <object_component_ref idref="oc-15a"/>
      </symbol>
      <symbol id="sm-5f4">
         <name>_FData_send</name>
         <value>0xd5e4</value>
         <object_component_ref idref="oc-15a"/>
      </symbol>
      <symbol id="sm-5f5">
         <name>_TXCOUNT</name>
         <value>0xd5d6</value>
         <object_component_ref idref="oc-15a"/>
      </symbol>
      <symbol id="sm-5f6">
         <name>_Paramet</name>
         <value>0xd300</value>
         <object_component_ref idref="oc-1de"/>
      </symbol>
      <symbol id="sm-5f7">
         <name>_RC_DataCount</name>
         <value>0xd5d5</value>
         <object_component_ref idref="oc-15a"/>
      </symbol>
      <symbol id="sm-5f8">
         <name>_RC_DataBUF</name>
         <value>0xd5c0</value>
         <object_component_ref idref="oc-1e4"/>
      </symbol>
      <symbol id="sm-5f9">
         <name>_TXBUF</name>
         <value>0xd4a0</value>
         <object_component_ref idref="oc-1e3"/>
      </symbol>
      <symbol id="sm-5fa">
         <name>_flagSEND</name>
         <value>0xd5d8</value>
         <object_component_ref idref="oc-15a"/>
      </symbol>
      <symbol id="sm-5fb">
         <name>_Data_get</name>
         <value>0xd5e1</value>
         <object_component_ref idref="oc-15a"/>
      </symbol>
      <symbol id="sm-5fc">
         <name>_FData_get</name>
         <value>0xd5e6</value>
         <object_component_ref idref="oc-15a"/>
      </symbol>
      <symbol id="sm-614">
         <name>_MARS_speed</name>
         <value>0x9a36</value>
         <object_component_ref idref="oc-1f3"/>
      </symbol>
      <symbol id="sm-616">
         <name>_Mras_ob</name>
         <value>0xd2ee</value>
         <object_component_ref idref="oc-161"/>
      </symbol>
      <symbol id="sm-617">
         <name>_MARS_reset</name>
         <value>0x9b88</value>
         <object_component_ref idref="oc-1f3"/>
      </symbol>
      <symbol id="sm-624">
         <name>_clark_calc</name>
         <value>0x9fed</value>
         <object_component_ref idref="oc-1da"/>
      </symbol>
      <symbol id="sm-626">
         <name>_iclark_calc</name>
         <value>0xa007</value>
         <object_component_ref idref="oc-1da"/>
      </symbol>
      <symbol id="sm-628">
         <name>_ipark_calc</name>
         <value>0xa090</value>
         <object_component_ref idref="oc-1da"/>
      </symbol>
      <symbol id="sm-62a">
         <name>_park_calc</name>
         <value>0xa03e</value>
         <object_component_ref idref="oc-1da"/>
      </symbol>
      <symbol id="sm-63c">
         <name>_PI_CONTROL_CALC</name>
         <value>0xa39d</value>
         <object_component_ref idref="oc-204"/>
      </symbol>
      <symbol id="sm-64b">
         <name>_PR_CONTROL_CALC</name>
         <value>0xa259</value>
         <object_component_ref idref="oc-205"/>
      </symbol>
      <symbol id="sm-65a">
         <name>_Zbeta</name>
         <value>0xd2fe</value>
         <object_component_ref idref="oc-177"/>
      </symbol>
      <symbol id="sm-65b">
         <name>_Zalpha</name>
         <value>0xd2fc</value>
         <object_component_ref idref="oc-177"/>
      </symbol>
      <symbol id="sm-677">
         <name>_SYSTEMoff</name>
         <value>0x9dd4</value>
         <object_component_ref idref="oc-1dd"/>
      </symbol>
      <symbol id="sm-679">
         <name>_PIZero</name>
         <value>0x9d36</value>
         <object_component_ref idref="oc-1dd"/>
      </symbol>
      <symbol id="sm-67b">
         <name>_Initparameter</name>
         <value>0x9d09</value>
         <object_component_ref idref="oc-1dd"/>
      </symbol>
      <symbol id="sm-67d">
         <name>_PRZero</name>
         <value>0x9d6e</value>
         <object_component_ref idref="oc-1dd"/>
      </symbol>
      <symbol id="sm-67f">
         <name>_Paramet_Update</name>
         <value>0x9cbe</value>
         <object_component_ref idref="oc-1dd"/>
      </symbol>
      <symbol id="sm-681">
         <name>_VectorControl_zero</name>
         <value>0x9d8c</value>
         <object_component_ref idref="oc-1dd"/>
      </symbol>
      <symbol id="sm-6af">
         <name>_svpwm_2l_calc</name>
         <value>0x93bb</value>
         <object_component_ref idref="oc-1dc"/>
      </symbol>
      <symbol id="sm-6b1">
         <name>_svpwm_exe</name>
         <value>0x939e</value>
         <object_component_ref idref="oc-1dc"/>
      </symbol>
      <symbol id="sm-6be">
         <name>_cos</name>
         <value>0xa763</value>
         <object_component_ref idref="oc-18b"/>
      </symbol>
      <symbol id="sm-6bf">
         <name>_cosf</name>
         <value>0xa763</value>
         <object_component_ref idref="oc-18b"/>
      </symbol>
      <symbol id="sm-6cb">
         <name>FS$$DIV</name>
         <value>0xa914</value>
         <object_component_ref idref="oc-190"/>
      </symbol>
      <symbol id="sm-6d8">
         <name>_powf</name>
         <value>0xa301</value>
         <object_component_ref idref="oc-195"/>
      </symbol>
      <symbol id="sm-6d9">
         <name>_pow</name>
         <value>0xa301</value>
         <object_component_ref idref="oc-195"/>
      </symbol>
      <symbol id="sm-6e5">
         <name>_sin</name>
         <value>0xa797</value>
         <object_component_ref idref="oc-19a"/>
      </symbol>
      <symbol id="sm-6e6">
         <name>_sinf</name>
         <value>0xa797</value>
         <object_component_ref idref="oc-19a"/>
      </symbol>
      <symbol id="sm-6f2">
         <name>_sqrtf</name>
         <value>0xa896</value>
         <object_component_ref idref="oc-19f"/>
      </symbol>
      <symbol id="sm-6f3">
         <name>_sqrt</name>
         <value>0xa896</value>
         <object_component_ref idref="oc-19f"/>
      </symbol>
      <symbol id="sm-6f7">
         <name>_FPUsinTable</name>
         <value>0xa9a0</value>
         <object_component_ref idref="oc-1a4"/>
      </symbol>
      <symbol id="sm-6f8">
         <name>_FPUatan2HalfPITable</name>
         <value>0xaea2</value>
         <object_component_ref idref="oc-1a4"/>
      </symbol>
      <symbol id="sm-6f9">
         <name>_FPU32cosTable</name>
         <value>0xaaa0</value>
         <object_component_ref idref="oc-1a4"/>
      </symbol>
      <symbol id="sm-6fa">
         <name>_FPUatan2Table</name>
         <value>0xaea6</value>
         <object_component_ref idref="oc-1a4"/>
      </symbol>
      <symbol id="sm-6fb">
         <name>_FPUatan2TableEnd</name>
         <value>0xb02c</value>
         <object_component_ref idref="oc-1a4"/>
      </symbol>
      <symbol id="sm-6fc">
         <name>_FPU32sinTable</name>
         <value>0xa9a0</value>
         <object_component_ref idref="oc-1a4"/>
      </symbol>
      <symbol id="sm-6fd">
         <name>_FPU32sinTableEnd</name>
         <value>0xada0</value>
         <object_component_ref idref="oc-1a4"/>
      </symbol>
      <symbol id="sm-6fe">
         <name>_FPU32cosTableEnd</name>
         <value>0xaea2</value>
         <object_component_ref idref="oc-1a4"/>
      </symbol>
      <symbol id="sm-6ff">
         <name>_FPUcosTableEnd</name>
         <value>0xaea2</value>
         <object_component_ref idref="oc-1a4"/>
      </symbol>
      <symbol id="sm-700">
         <name>_FPU32atan2Table</name>
         <value>0xaea6</value>
         <object_component_ref idref="oc-1a4"/>
      </symbol>
      <symbol id="sm-701">
         <name>_FPUcosTable</name>
         <value>0xaaa0</value>
         <object_component_ref idref="oc-1a4"/>
      </symbol>
      <symbol id="sm-702">
         <name>_FPUsinTableEnd</name>
         <value>0xada0</value>
         <object_component_ref idref="oc-1a4"/>
      </symbol>
      <symbol id="sm-703">
         <name>_FPU32atan2HalfPITable</name>
         <value>0xaea2</value>
         <object_component_ref idref="oc-1a4"/>
      </symbol>
      <symbol id="sm-704">
         <name>_FPU32atan2TableEnd</name>
         <value>0xb02c</value>
         <object_component_ref idref="oc-1a4"/>
      </symbol>
      <symbol id="sm-708">
         <name>_FPU32expTableCoeffEnd</name>
         <value>0xb108</value>
         <object_component_ref idref="oc-1a5"/>
      </symbol>
      <symbol id="sm-709">
         <name>_FPU32expTableEnd</name>
         <value>0xb1ba</value>
         <object_component_ref idref="oc-1a5"/>
      </symbol>
      <symbol id="sm-70a">
         <name>_FPU32expTableCoeff</name>
         <value>0xb0fc</value>
         <object_component_ref idref="oc-1a5"/>
      </symbol>
      <symbol id="sm-70b">
         <name>_FPU32expTable</name>
         <value>0xb108</value>
         <object_component_ref idref="oc-1a5"/>
      </symbol>
      <symbol id="sm-70f">
         <name>_FPU32logTableEnd</name>
         <value>0xb0fc</value>
         <object_component_ref idref="oc-1a6"/>
      </symbol>
      <symbol id="sm-710">
         <name>_FPU32LOG2</name>
         <value>0xb02c</value>
         <object_component_ref idref="oc-1a6"/>
      </symbol>
      <symbol id="sm-711">
         <name>_FPU32LOG_TABLE_MASK1</name>
         <value>0xb032</value>
         <object_component_ref idref="oc-1a6"/>
      </symbol>
      <symbol id="sm-712">
         <name>_FPU32LOG_TABLE_MASK2</name>
         <value>0xb034</value>
         <object_component_ref idref="oc-1a6"/>
      </symbol>
      <symbol id="sm-713">
         <name>_FPU32logTable</name>
         <value>0xb036</value>
         <object_component_ref idref="oc-1a6"/>
      </symbol>
      <symbol id="sm-714">
         <name>_FPU32EXPBIAS</name>
         <value>0xb030</value>
         <object_component_ref idref="oc-1a6"/>
      </symbol>
      <symbol id="sm-715">
         <name>_FPU32INVLOG10</name>
         <value>0xb02e</value>
         <object_component_ref idref="oc-1a6"/>
      </symbol>
      <symbol id="sm-730">
         <name>_c_int00</name>
         <value>0xa649</value>
         <object_component_ref idref="oc-49"/>
      </symbol>
      <symbol id="sm-731">
         <name>__stack</name>
         <value>0x400</value>
         <object_component_ref idref="oc-1a7"/>
      </symbol>
      <symbol id="sm-740">
         <name>_copy_in</name>
         <value>0xa872</value>
         <object_component_ref idref="oc-1d3"/>
      </symbol>
      <symbol id="sm-752">
         <name>_memcpy</name>
         <value>0xa8f7</value>
         <object_component_ref idref="oc-1df"/>
      </symbol>
      <symbol id="sm-75f">
         <name>__system_pre_init</name>
         <value>0xa99d</value>
         <object_component_ref idref="oc-1d2"/>
      </symbol>
      <symbol id="sm-76d">
         <name>__system_post_cinit</name>
         <value>0xa99f</value>
         <object_component_ref idref="oc-1d4"/>
      </symbol>
      <symbol id="sm-782">
         <name>C$$EXIT</name>
         <value>0xa7fd</value>
         <object_component_ref idref="oc-1d6"/>
      </symbol>
      <symbol id="sm-783">
         <name>_exit</name>
         <value>0xa7ff</value>
         <object_component_ref idref="oc-1d6"/>
      </symbol>
      <symbol id="sm-785">
         <name>___TI_cleanup_ptr</name>
         <value>0xd60a</value>
         <object_component_ref idref="oc-1c3"/>
      </symbol>
      <symbol id="sm-786">
         <name>___TI_enable_exit_profile_output</name>
         <value>0xd608</value>
         <object_component_ref idref="oc-1c3"/>
      </symbol>
      <symbol id="sm-787">
         <name>_abort</name>
         <value>0xa7fd</value>
         <object_component_ref idref="oc-1d6"/>
      </symbol>
      <symbol id="sm-789">
         <name>___TI_dtors_ptr</name>
         <value>0xd60c</value>
         <object_component_ref idref="oc-1c3"/>
      </symbol>
      <symbol id="sm-79d">
         <name>__unlock</name>
         <value>0xd5bc</value>
         <object_component_ref idref="oc-20d"/>
      </symbol>
      <symbol id="sm-79e">
         <name>__lock</name>
         <value>0xd4be</value>
         <object_component_ref idref="oc-1e1"/>
      </symbol>
      <symbol id="sm-79f">
         <name>__register_lock</name>
         <value>0xa986</value>
         <object_component_ref idref="oc-202"/>
      </symbol>
      <symbol id="sm-7a1">
         <name>__nop</name>
         <value>0xa98a</value>
         <object_component_ref idref="oc-202"/>
      </symbol>
      <symbol id="sm-7a3">
         <name>__register_unlock</name>
         <value>0xa982</value>
         <object_component_ref idref="oc-202"/>
      </symbol>
      <symbol id="sm-7b3">
         <name>__args_main</name>
         <value>0xa970</value>
         <object_component_ref idref="oc-1d5"/>
      </symbol>
   </symbol_table>
   <title>Link successful</title>
</link_info>
