******************************************************************************
             TMS320C2000 Linker PC v21.6.0                     
******************************************************************************
>> Linked Fri Aug  4 10:41:03 2023

OUTPUT FILE NAME:   <pmsm_foc.out>
ENTRY POINT SYMBOL: "_c_int00"  address: 0000a649


MEMORY CONFIGURATION

         name            origin    length      used     unused   attr    fill
----------------------  --------  ---------  --------  --------  ----  --------
PAGE 0:
  BEGIN                 00000000   00000002  00000002  00000000  RWIX
  RAMM0                 00000050   000003b0  00000000  000003b0  RWIX
  RAMLP                 00008000   00005000  00003519  00001ae7  RWIX
  ZONE7A                00200000   0000fc00  00000000  0000fc00  RWIX
  CSM_RSVD              0033ff80   00000076  00000000  00000076  RWIX
  CSM_PWL               0033fff8   00000008  00000000  00000008  RWIX
  ADC_CAL               00380080   00000009  00000007  00000002  RWIX
  IQTABLES              003fe000   00000b50  00000000  00000b50  RWIX
  IQTABLES2             003feb50   0000008c  00000000  0000008c  RWIX
  FPUTABLES             003febdc   000006a0  00000000  000006a0  RWIX
  BOOTROM               003ff27c   00000d44  00000000  00000d44  RWIX
  RESET                 003fffc0   00000002  00000000  00000002  RWIX

PAGE 1:
  BOOT_RSVD             00000002   0000004e  00000000  0000004e  RWIX
  RAMM1                 00000400   00000400  00000300  00000100  RWIX
  DEV_EMU               00000880   00000180  000000d0  000000b0  RWIX
  FLASH_REGS            00000a80   00000060  00000008  00000058  RWIX
  CSM                   00000ae0   00000010  00000010  00000000  RWIX
  ADC_MIRROR            00000b00   00000010  00000010  00000000  RWIX
  XINTF                 00000b20   00000020  0000001e  00000002  RWIX
  CPU_TIMER0            00000c00   00000008  00000008  00000000  RWIX
  CPU_TIMER1            00000c08   00000008  00000008  00000000  RWIX
  CPU_TIMER2            00000c10   00000008  00000008  00000000  RWIX
  PIE_CTRL              00000ce0   00000020  0000001a  00000006  RWIX
  PIE_VECT              00000d00   00000100  00000100  00000000  RWIX
  DMA                   00001000   00000200  000000e0  00000120  RWIX
  MCBSPA                00005000   00000040  00000025  0000001b  RWIX
  MCBSPB                00005040   00000040  00000025  0000001b  RWIX
  ECANA                 00006000   00000040  00000034  0000000c  RWIX
  ECANA_LAM             00006040   00000040  00000040  00000000  RWIX
  ECANA_MOTS            00006080   00000040  00000040  00000000  RWIX
  ECANA_MOTO            000060c0   00000040  00000040  00000000  RWIX
  ECANA_MBOX            00006100   00000100  00000100  00000000  RWIX
  ECANB                 00006200   00000040  00000034  0000000c  RWIX
  ECANB_LAM             00006240   00000040  00000040  00000000  RWIX
  ECANB_MOTS            00006280   00000040  00000040  00000000  RWIX
  ECANB_MOTO            000062c0   00000040  00000040  00000000  RWIX
  ECANB_MBOX            00006300   00000100  00000100  00000000  RWIX
  EPWM1                 00006800   00000022  00000022  00000000  RWIX
  EPWM2                 00006840   00000022  00000022  00000000  RWIX
  EPWM3                 00006880   00000022  00000022  00000000  RWIX
  EPWM4                 000068c0   00000022  00000022  00000000  RWIX
  EPWM5                 00006900   00000022  00000022  00000000  RWIX
  EPWM6                 00006940   00000022  00000022  00000000  RWIX
  ECAP1                 00006a00   00000020  00000020  00000000  RWIX
  ECAP2                 00006a20   00000020  00000020  00000000  RWIX
  ECAP3                 00006a40   00000020  00000020  00000000  RWIX
  ECAP4                 00006a60   00000020  00000020  00000000  RWIX
  ECAP5                 00006a80   00000020  00000020  00000000  RWIX
  ECAP6                 00006aa0   00000020  00000020  00000000  RWIX
  EQEP1                 00006b00   00000040  00000040  00000000  RWIX
  EQEP2                 00006b40   00000040  00000040  00000000  RWIX
  GPIOCTRL              00006f80   00000040  0000002e  00000012  RWIX
  GPIODAT               00006fc0   00000020  00000020  00000000  RWIX
  GPIOINT               00006fe0   00000020  0000000a  00000016  RWIX
  SYSTEM                00007010   00000020  00000020  00000000  RWIX
  SPIA                  00007040   00000010  00000010  00000000  RWIX
  SCIA                  00007050   00000010  00000010  00000000  RWIX
  XINTRUPT              00007070   00000010  00000010  00000000  RWIX
  ADC                   00007100   00000020  0000001e  00000002  RWIX
  SCIB                  00007750   00000010  00000010  00000000  RWIX
  SCIC                  00007770   00000010  00000010  00000000  RWIX
  I2CA                  00007900   00000040  00000022  0000001e  RWIX
  RAMLD                 0000d000   00003000  0000074a  000028b6  RWIX
  ZONE7B                0020fc00   00000400  00000000  00000400  RWIX
  CSM_PWL               0033fff8   00000008  00000008  00000000  RWIX
  PARTID                00380090   00000001  00000001  00000000  RWIX


SECTION ALLOCATION MAP

 output                                  attributes/
section   page    origin      length       input sections
--------  ----  ----------  ----------   ----------------
codestart 
*          0    00000000    00000002     
                  00000000    00000002     DSP2833x_CodeStartBranch.obj (codestart)

.text      0    00008000    000029a0     
                  00008000    00000552     emf_observer.obj (.text)
                  00008552    000003d2     Current_control.obj (.text)
                  00008924    00000316     DSP2833x_DefaultIsr.obj (.text:retain)
                  00008c3a    00000304     Vector_control.obj (.text)
                  00008f3e    00000263     adrc.obj (.text)
                  000091a1    000001fd     Adc_self.obj (.text)
                  0000939e    000001cb     zhs_SVPWM_2L.obj (.text)
                  00009569    000001c8     message.obj (.text)
                  00009731    0000018d     bsp_iic_24c128.obj (.text)
                  000098be    00000178     interrupt.obj (.text:retain)
                  00009a36    00000160     mras.obj (.text)
                  00009b96    00000128     bsp_epwm.obj (.text)
                  00009cbe    00000127     var_init.obj (.text)
                  00009de5    00000110     Weak_control.obj (.text)
                  00009ef5    000000f8     DSP2833x_SysCtrl.obj (.text)
                  00009fed    000000f8     park_clark.obj (.text)
                  0000a0e5    000000c8     DSP2833x_EPwm.obj (.text)
                  0000a1ad    000000ac     Encoder_solve.obj (.text)
                  0000a259    000000a8     pr.obj (.text)
                  0000a301    0000009c     rts2800_fpu32_fast_supplement_coff.lib : pow_f32.obj (.text)
                  0000a39d    00000091     pid.obj (.text)
                  0000a42e    00000080     Speed_control.obj (.text)
                  0000a4ae    00000076     fault.obj (.text)
                  0000a524    00000073     DSP2833x_CpuTimers.obj (.text)
                  0000a597    0000005c     bsp_adc.obj (.text)
                  0000a5f3    00000056     main.obj (.text)
                  0000a649    00000056     rts2800_fpu32.lib : boot28.asm.obj (.text)
                  0000a69f    00000049     bsp_sci.obj (.text)
                  0000a6e8    00000044     bsp.obj (.text)
                  0000a72c    00000037     eeprom_w.obj (.text)
                  0000a763    00000034     rts2800_fpu32_fast_supplement_coff.lib : cos_f32.obj (.text)
                  0000a797    00000034                                            : sin_f32.obj (.text)
                  0000a7cb    00000032     DSP2833x_Sci.obj (.text)
                  0000a7fd    00000029     rts2800_fpu32.lib : exit.c.obj (.text)
                  0000a826    00000028     DSP2833x_PieCtrl.obj (.text)
                  0000a84e    00000024     filter_AVR.obj (.text)
                  0000a872    00000024     rts2800_fpu32.lib : cpy_tbl.c.obj (.text)
                  0000a896    00000021     rts2800_fpu32_fast_supplement_coff.lib : sqrt_f32.obj (.text)
                  0000a8b7    00000020     DSP2833x_PieVect.obj (.text)
                  0000a8d7    00000020     bsp_eqep.obj (.text)
                  0000a8f7    0000001d     rts2800_fpu32.lib : memcpy.c.obj (.text)
                  0000a914    00000019     rts2800_fpu32_fast_supplement_coff.lib : div_f32.obj (.text)
                  0000a92d    00000018     bsp_xint.obj (.text)
                  0000a945    00000017     DSP2833x_I2C.obj (.text)
                  0000a95c    00000014     DSP2833x_Adc.obj (.text)
                  0000a970    00000012     rts2800_fpu32.lib : args_main.c.obj (.text)
                  0000a982    00000009                       : _lock.c.obj (.text)
                  0000a98b    00000008     DSP2833x_CodeStartBranch.obj (.text)
                  0000a993    00000007     DSP2833x_DisInt.obj (.text)
                  0000a99a    00000003     DSP2833x_DBGIER.obj (.text)
                  0000a99d    00000002     rts2800_fpu32.lib : pre_init.c.obj (.text)
                  0000a99f    00000001                       : startup.c.obj (.text)

.cinit     0    0000b1ba    0000035b     
                  0000b1ba    000002c0     global_var.obj (.cinit)
                  0000b47a    00000056     ROGI.obj (.cinit)
                  0000b4d0    00000011     mras.obj (.cinit)
                  0000b4e1    00000010     message.obj (.cinit)
                  0000b4f1    0000000e     rts2800_fpu32.lib : exit.c.obj (.cinit)
                  0000b4ff    0000000a     sm_observer.obj (.cinit)
                  0000b509    00000005     rts2800_fpu32.lib : _lock.c.obj (.cinit:__lock)
                  0000b50e    00000005                       : _lock.c.obj (.cinit:__unlock)
                  0000b513    00000002     --HOLE-- [fill = 0]

ramfuncs   0    0000b515    00000004     
                  0000b515    00000004     DSP2833x_usDelay.obj (ramfuncs)

.pinit     0    00008000    00000000     UNINITIALIZED

.stack     1    00000400    00000300     UNINITIALIZED
                  00000400    00000300     --HOLE--

DevEmuRegsFile 
*          1    00000880    000000d0     UNINITIALIZED
                  00000880    000000d0     DSP2833x_GlobalVariableDefs.obj (DevEmuRegsFile)

FlashRegsFile 
*          1    00000a80    00000008     UNINITIALIZED
                  00000a80    00000008     DSP2833x_GlobalVariableDefs.obj (FlashRegsFile)

CsmRegsFile 
*          1    00000ae0    00000010     UNINITIALIZED
                  00000ae0    00000010     DSP2833x_GlobalVariableDefs.obj (CsmRegsFile)

AdcMirrorFile 
*          1    00000b00    00000010     UNINITIALIZED
                  00000b00    00000010     DSP2833x_GlobalVariableDefs.obj (AdcMirrorFile)

XintfRegsFile 
*          1    00000b20    0000001e     UNINITIALIZED
                  00000b20    0000001e     DSP2833x_GlobalVariableDefs.obj (XintfRegsFile)

CpuTimer0RegsFile 
*          1    00000c00    00000008     UNINITIALIZED
                  00000c00    00000008     DSP2833x_GlobalVariableDefs.obj (CpuTimer0RegsFile)

CpuTimer1RegsFile 
*          1    00000c08    00000008     UNINITIALIZED
                  00000c08    00000008     DSP2833x_GlobalVariableDefs.obj (CpuTimer1RegsFile)

CpuTimer2RegsFile 
*          1    00000c10    00000008     UNINITIALIZED
                  00000c10    00000008     DSP2833x_GlobalVariableDefs.obj (CpuTimer2RegsFile)

PieCtrlRegsFile 
*          1    00000ce0    0000001a     UNINITIALIZED
                  00000ce0    0000001a     DSP2833x_GlobalVariableDefs.obj (PieCtrlRegsFile)

ECanaMOTSRegsFile 
*          1    00006080    00000040     UNINITIALIZED
                  00006080    00000040     DSP2833x_GlobalVariableDefs.obj (ECanaMOTSRegsFile)

ECanaMOTORegsFile 
*          1    000060c0    00000040     UNINITIALIZED
                  000060c0    00000040     DSP2833x_GlobalVariableDefs.obj (ECanaMOTORegsFile)

ECanbMOTSRegsFile 
*          1    00006280    00000040     UNINITIALIZED
                  00006280    00000040     DSP2833x_GlobalVariableDefs.obj (ECanbMOTSRegsFile)

ECanbMOTORegsFile 
*          1    000062c0    00000040     UNINITIALIZED
                  000062c0    00000040     DSP2833x_GlobalVariableDefs.obj (ECanbMOTORegsFile)

.ebss      1    0000d000    0000060e     UNINITIALIZED
                  0000d000    000002ee     global_var.obj (.ebss)
                  0000d2ee    0000000e     mras.obj (.ebss)
                  0000d2fc    00000004     sm_observer.obj (.ebss)
                  0000d300    000000ec     message.obj (.ebss:_Paramet)
                  0000d3ec    00000014     Adc_self.obj (.ebss:_AC_ZeroMean)
                  0000d400    000000a0     Adc_self.obj (.ebss:_AC_Zero)
                  0000d4a0    0000001e     message.obj (.ebss:_TXBUF)
                  0000d4be    00000002     rts2800_fpu32.lib : _lock.c.obj (.ebss:__lock)
                  0000d4c0    00000068     ROGI.obj (.ebss)
                  0000d528    00000018     DSP2833x_CpuTimers.obj (.ebss)
                  0000d540    00000050     Adc_self.obj (.ebss:_AC_Zero_yu)
                  0000d590    00000018     message.obj (.ebss:_RCBUF)
                  0000d5a8    00000014     Adc_self.obj (.ebss:_ADCresultNEW)
                  0000d5bc    00000002     rts2800_fpu32.lib : _lock.c.obj (.ebss:__unlock)
                  0000d5be    00000001     Adc_self.obj (.ebss)
                  0000d5bf    00000001     --HOLE--
                  0000d5c0    00000014     message.obj (.ebss:_RC_DataBUF)
                  0000d5d4    00000014     message.obj (.ebss)
                  0000d5e8    0000000a     Adc_self.obj (.ebss:_AC_Zero_yuz)
                  0000d5f2    0000000a     Adc_self.obj (.ebss:_ADCresult)
                  0000d5fc    00000004     --HOLE--
                  0000d600    00000008     bsp_iic_24c128.obj (.ebss:_edata)
                  0000d608    00000006     rts2800_fpu32.lib : exit.c.obj (.ebss)

.econst    1    0000d60e    0000013c     
                  0000d60e    00000100     DSP2833x_PieVect.obj (.econst:_PieVectTableInit)
                  0000d70e    00000014     Vector_control.obj (.econst:_$P$T0$1)
                  0000d722    00000014     mras.obj (.econst:_$P$T0$1)
                  0000d736    00000014     mras.obj (.econst:_$P$T1$2)

FPUmathTables 
*          0    0000a9a0    0000081a     
                  0000a9a0    0000068c     rts2800_fpu32_fast_supplement_coff.lib : FPUmathTables.obj (FPUmathTables)
                  0000b02c    000000d0                                            : logtable_f32.obj (FPUmathTables)
                  0000b0fc    000000be                                            : exptable_f32.obj (FPUmathTables)

.reset     0    003fffc0    00000002     DSECT
                  003fffc0    00000002     rts2800_fpu32.lib : boot28.asm.obj (.reset)

csm_rsvd   0    0033ff80    00000076     DSECT
                  0033ff80    00000076     DSP2833x_CSMPasswords.obj (csm_rsvd)

csmpasswds 
*          0    0033fff8    00000008     DSECT
                  0033fff8    00000008     DSP2833x_CSMPasswords.obj (csmpasswds)

.adc_cal   0    00380080    00000007     NOLOAD SECTION
                  00380080    00000007     DSP2833x_ADC_cal.obj (.adc_cal)

PieVectTableFile 
*          1    00000d00    00000100     UNINITIALIZED
                  00000d00    00000100     DSP2833x_GlobalVariableDefs.obj (PieVectTableFile)

DmaRegsFile 
*          1    00001000    000000e0     UNINITIALIZED
                  00001000    000000e0     DSP2833x_GlobalVariableDefs.obj (DmaRegsFile)

McbspaRegsFile 
*          1    00005000    00000025     UNINITIALIZED
                  00005000    00000025     DSP2833x_GlobalVariableDefs.obj (McbspaRegsFile)

McbspbRegsFile 
*          1    00005040    00000025     UNINITIALIZED
                  00005040    00000025     DSP2833x_GlobalVariableDefs.obj (McbspbRegsFile)

ECanaRegsFile 
*          1    00006000    00000034     UNINITIALIZED
                  00006000    00000034     DSP2833x_GlobalVariableDefs.obj (ECanaRegsFile)

ECanaLAMRegsFile 
*          1    00006040    00000040     UNINITIALIZED
                  00006040    00000040     DSP2833x_GlobalVariableDefs.obj (ECanaLAMRegsFile)

ECanaMboxesFile 
*          1    00006100    00000100     UNINITIALIZED
                  00006100    00000100     DSP2833x_GlobalVariableDefs.obj (ECanaMboxesFile)

ECanbRegsFile 
*          1    00006200    00000034     UNINITIALIZED
                  00006200    00000034     DSP2833x_GlobalVariableDefs.obj (ECanbRegsFile)

ECanbLAMRegsFile 
*          1    00006240    00000040     UNINITIALIZED
                  00006240    00000040     DSP2833x_GlobalVariableDefs.obj (ECanbLAMRegsFile)

ECanbMboxesFile 
*          1    00006300    00000100     UNINITIALIZED
                  00006300    00000100     DSP2833x_GlobalVariableDefs.obj (ECanbMboxesFile)

EPwm1RegsFile 
*          1    00006800    00000022     UNINITIALIZED
                  00006800    00000022     DSP2833x_GlobalVariableDefs.obj (EPwm1RegsFile)

EPwm2RegsFile 
*          1    00006840    00000022     UNINITIALIZED
                  00006840    00000022     DSP2833x_GlobalVariableDefs.obj (EPwm2RegsFile)

EPwm3RegsFile 
*          1    00006880    00000022     UNINITIALIZED
                  00006880    00000022     DSP2833x_GlobalVariableDefs.obj (EPwm3RegsFile)

EPwm4RegsFile 
*          1    000068c0    00000022     UNINITIALIZED
                  000068c0    00000022     DSP2833x_GlobalVariableDefs.obj (EPwm4RegsFile)

EPwm5RegsFile 
*          1    00006900    00000022     UNINITIALIZED
                  00006900    00000022     DSP2833x_GlobalVariableDefs.obj (EPwm5RegsFile)

EPwm6RegsFile 
*          1    00006940    00000022     UNINITIALIZED
                  00006940    00000022     DSP2833x_GlobalVariableDefs.obj (EPwm6RegsFile)

ECap1RegsFile 
*          1    00006a00    00000020     UNINITIALIZED
                  00006a00    00000020     DSP2833x_GlobalVariableDefs.obj (ECap1RegsFile)

ECap2RegsFile 
*          1    00006a20    00000020     UNINITIALIZED
                  00006a20    00000020     DSP2833x_GlobalVariableDefs.obj (ECap2RegsFile)

ECap3RegsFile 
*          1    00006a40    00000020     UNINITIALIZED
                  00006a40    00000020     DSP2833x_GlobalVariableDefs.obj (ECap3RegsFile)

ECap4RegsFile 
*          1    00006a60    00000020     UNINITIALIZED
                  00006a60    00000020     DSP2833x_GlobalVariableDefs.obj (ECap4RegsFile)

ECap5RegsFile 
*          1    00006a80    00000020     UNINITIALIZED
                  00006a80    00000020     DSP2833x_GlobalVariableDefs.obj (ECap5RegsFile)

ECap6RegsFile 
*          1    00006aa0    00000020     UNINITIALIZED
                  00006aa0    00000020     DSP2833x_GlobalVariableDefs.obj (ECap6RegsFile)

EQep1RegsFile 
*          1    00006b00    00000040     UNINITIALIZED
                  00006b00    00000040     DSP2833x_GlobalVariableDefs.obj (EQep1RegsFile)

EQep2RegsFile 
*          1    00006b40    00000040     UNINITIALIZED
                  00006b40    00000040     DSP2833x_GlobalVariableDefs.obj (EQep2RegsFile)

GpioCtrlRegsFile 
*          1    00006f80    0000002e     UNINITIALIZED
                  00006f80    0000002e     DSP2833x_GlobalVariableDefs.obj (GpioCtrlRegsFile)

GpioDataRegsFile 
*          1    00006fc0    00000020     UNINITIALIZED
                  00006fc0    00000020     DSP2833x_GlobalVariableDefs.obj (GpioDataRegsFile)

GpioIntRegsFile 
*          1    00006fe0    0000000a     UNINITIALIZED
                  00006fe0    0000000a     DSP2833x_GlobalVariableDefs.obj (GpioIntRegsFile)

SysCtrlRegsFile 
*          1    00007010    00000020     UNINITIALIZED
                  00007010    00000020     DSP2833x_GlobalVariableDefs.obj (SysCtrlRegsFile)

SpiaRegsFile 
*          1    00007040    00000010     UNINITIALIZED
                  00007040    00000010     DSP2833x_GlobalVariableDefs.obj (SpiaRegsFile)

SciaRegsFile 
*          1    00007050    00000010     UNINITIALIZED
                  00007050    00000010     DSP2833x_GlobalVariableDefs.obj (SciaRegsFile)

XIntruptRegsFile 
*          1    00007070    00000010     UNINITIALIZED
                  00007070    00000010     DSP2833x_GlobalVariableDefs.obj (XIntruptRegsFile)

AdcRegsFile 
*          1    00007100    0000001e     UNINITIALIZED
                  00007100    0000001e     DSP2833x_GlobalVariableDefs.obj (AdcRegsFile)

ScibRegsFile 
*          1    00007750    00000010     UNINITIALIZED
                  00007750    00000010     DSP2833x_GlobalVariableDefs.obj (ScibRegsFile)

ScicRegsFile 
*          1    00007770    00000010     UNINITIALIZED
                  00007770    00000010     DSP2833x_GlobalVariableDefs.obj (ScicRegsFile)

I2caRegsFile 
*          1    00007900    00000022     UNINITIALIZED
                  00007900    00000022     DSP2833x_GlobalVariableDefs.obj (I2caRegsFile)

CsmPwlFile 
*          1    0033fff8    00000008     UNINITIALIZED
                  0033fff8    00000008     DSP2833x_GlobalVariableDefs.obj (CsmPwlFile)

PartIdRegsFile 
*          1    00380090    00000001     UNINITIALIZED
                  00380090    00000001     DSP2833x_GlobalVariableDefs.obj (PartIdRegsFile)

MODULE SUMMARY

       Module                            code    initialized data   uninitialized data
       ------                            ----    ----------------   ------------------
    .\
       interrupt.obj                     376     0                  0                 
       main.obj                          86      0                  0                 
    +--+---------------------------------+-------+------------------+--------------------+
       Total:                            462     0                  0                 
                                                                                      
    .\bsp_src\
       bsp_iic_24c128.obj                397     0                  8                 
       bsp_epwm.obj                      296     0                  0                 
       bsp_adc.obj                       92      0                  0                 
       bsp_sci.obj                       73      0                  0                 
       bsp.obj                           68      0                  0                 
       bsp_eqep.obj                      32      0                  0                 
       bsp_xint.obj                      24      0                  0                 
    +--+---------------------------------+-------+------------------+--------------------+
       Total:                            982     0                  8                 
                                                                                      
    .\device_src\
       DSP2833x_GlobalVariableDefs.obj   0       0                  2679              
       DSP2833x_DefaultIsr.obj           790     0                  0                 
       DSP2833x_PieVect.obj              32      256                0                 
       DSP2833x_SysCtrl.obj              248     0                  0                 
       DSP2833x_EPwm.obj                 200     0                  0                 
       DSP2833x_CpuTimers.obj            115     0                  24                
       DSP2833x_Sci.obj                  50      0                  0                 
       DSP2833x_PieCtrl.obj              40      0                  0                 
       DSP2833x_I2C.obj                  23      0                  0                 
       DSP2833x_Adc.obj                  20      0                  0                 
       DSP2833x_CodeStartBranch.obj      10      0                  0                 
       DSP2833x_ADC_cal.obj              7       0                  0                 
       DSP2833x_DisInt.obj               7       0                  0                 
       DSP2833x_usDelay.obj              4       0                  0                 
       DSP2833x_DBGIER.obj               3       0                  0                 
    +--+---------------------------------+-------+------------------+--------------------+
       Total:                            1549    256                2703              
                                                                                      
    .\pmsm_src\
       global_var.obj                    0       704                750               
       emf_observer.obj                  1362    0                  0                 
       Current_control.obj               978     0                  0                 
       Adc_self.obj                      509     0                  301               
       message.obj                       456     16                 330               
       Vector_control.obj                772     20                 0                 
       adrc.obj                          611     0                  0                 
       zhs_SVPWM_2L.obj                  459     0                  0                 
       mras.obj                          352     57                 14                
       var_init.obj                      295     0                  0                 
       Weak_control.obj                  272     0                  0                 
       park_clark.obj                    248     0                  0                 
       ROGI.obj                          0       86                 104               
       Encoder_solve.obj                 172     0                  0                 
       pr.obj                            168     0                  0                 
       pid.obj                           145     0                  0                 
       Speed_control.obj                 128     0                  0                 
       fault.obj                         118     0                  0                 
       eeprom_w.obj                      55      0                  0                 
       filter_AVR.obj                    36      0                  0                 
       sm_observer.obj                   0       10                 4                 
    +--+---------------------------------+-------+------------------+--------------------+
       Total:                            7136    893                1503              
                                                                                      
    ..\rts2800_fpu32_fast_supplement_coff.lib
       FPUmathTables.obj                 0       1676               0                 
       logtable_f32.obj                  0       208                0                 
       exptable_f32.obj                  0       190                0                 
       pow_f32.obj                       156     0                  0                 
       cos_f32.obj                       52      0                  0                 
       sin_f32.obj                       52      0                  0                 
       sqrt_f32.obj                      33      0                  0                 
       div_f32.obj                       25      0                  0                 
    +--+---------------------------------+-------+------------------+--------------------+
       Total:                            318     2074               0                 
                                                                                      
    D:/ti/ccs1120/ccs/tools/compiler/ti-cgt-c2000_21.6.0.LTS/lib/rts2800_fpu32.lib
       boot28.asm.obj                    86      0                  0                 
       exit.c.obj                        41      14                 6                 
       cpy_tbl.c.obj                     36      0                  0                 
       memcpy.c.obj                      29      0                  0                 
       _lock.c.obj                       9       10                 4                 
       args_main.c.obj                   18      0                  0                 
       pre_init.c.obj                    2       0                  0                 
       startup.c.obj                     1       0                  0                 
    +--+---------------------------------+-------+------------------+--------------------+
       Total:                            222     24                 10                
                                                                                      
       Stack:                            0       0                  768               
    +--+---------------------------------+-------+------------------+--------------------+
       Grand Total:                      10669   3247               4992              


GLOBAL DATA SYMBOLS: SORTED BY DATA PAGE

address     data page           name
--------    ----------------    ----
00000400      10 (00000400)     __stack

00000880      22 (00000880)     _DevEmuRegs

00000a80      2a (00000a80)     _FlashRegs

00000ae0      2b (00000ac0)     _CsmRegs

00000b00      2c (00000b00)     _AdcMirror
00000b20      2c (00000b00)     _XintfRegs

00000c00      30 (00000c00)     _CpuTimer0Regs
00000c08      30 (00000c00)     _CpuTimer1Regs
00000c10      30 (00000c00)     _CpuTimer2Regs

00000ce0      33 (00000cc0)     _PieCtrlRegs

00000d00      34 (00000d00)     _PieVectTable

00001000      40 (00001000)     _DmaRegs

00005000     140 (00005000)     _McbspaRegs

00005040     141 (00005040)     _McbspbRegs

00006000     180 (00006000)     _ECanaRegs

00006040     181 (00006040)     _ECanaLAMRegs

00006080     182 (00006080)     _ECanaMOTSRegs

000060c0     183 (000060c0)     _ECanaMOTORegs

00006100     184 (00006100)     _ECanaMboxes

00006200     188 (00006200)     _ECanbRegs

00006240     189 (00006240)     _ECanbLAMRegs

00006280     18a (00006280)     _ECanbMOTSRegs

000062c0     18b (000062c0)     _ECanbMOTORegs

00006300     18c (00006300)     _ECanbMboxes

00006800     1a0 (00006800)     _EPwm1Regs

00006840     1a1 (00006840)     _EPwm2Regs

00006880     1a2 (00006880)     _EPwm3Regs

000068c0     1a3 (000068c0)     _EPwm4Regs

00006900     1a4 (00006900)     _EPwm5Regs

00006940     1a5 (00006940)     _EPwm6Regs

00006a00     1a8 (00006a00)     _ECap1Regs
00006a20     1a8 (00006a00)     _ECap2Regs

00006a40     1a9 (00006a40)     _ECap3Regs
00006a60     1a9 (00006a40)     _ECap4Regs

00006a80     1aa (00006a80)     _ECap5Regs
00006aa0     1aa (00006a80)     _ECap6Regs

00006b00     1ac (00006b00)     _EQep1Regs

00006b40     1ad (00006b40)     _EQep2Regs

00006f80     1be (00006f80)     _GpioCtrlRegs

00006fc0     1bf (00006fc0)     _GpioDataRegs
00006fe0     1bf (00006fc0)     _GpioIntRegs

00007010     1c0 (00007000)     _SysCtrlRegs

00007040     1c1 (00007040)     _SpiaRegs
00007050     1c1 (00007040)     _SciaRegs
00007070     1c1 (00007040)     _XIntruptRegs

00007100     1c4 (00007100)     _AdcRegs

00007750     1dd (00007740)     _ScibRegs
00007770     1dd (00007740)     _ScicRegs

00007900     1e4 (00007900)     _I2caRegs

0000a9a0     2a6 (0000a980)     _FPU32sinTable
0000a9a0     2a6 (0000a980)     _FPUsinTable

0000aaa0     2aa (0000aa80)     _FPU32cosTable
0000aaa0     2aa (0000aa80)     _FPUcosTable

0000ada0     2b6 (0000ad80)     _FPU32sinTableEnd
0000ada0     2b6 (0000ad80)     _FPUsinTableEnd

0000aea2     2ba (0000ae80)     _FPU32atan2HalfPITable
0000aea2     2ba (0000ae80)     _FPU32cosTableEnd
0000aea2     2ba (0000ae80)     _FPUatan2HalfPITable
0000aea2     2ba (0000ae80)     _FPUcosTableEnd
0000aea6     2ba (0000ae80)     _FPU32atan2Table
0000aea6     2ba (0000ae80)     _FPUatan2Table

0000b02c     2c0 (0000b000)     _FPU32LOG2
0000b02c     2c0 (0000b000)     _FPU32atan2TableEnd
0000b02c     2c0 (0000b000)     _FPUatan2TableEnd
0000b02e     2c0 (0000b000)     _FPU32INVLOG10
0000b030     2c0 (0000b000)     _FPU32EXPBIAS
0000b032     2c0 (0000b000)     _FPU32LOG_TABLE_MASK1
0000b034     2c0 (0000b000)     _FPU32LOG_TABLE_MASK2
0000b036     2c0 (0000b000)     _FPU32logTable

0000b0fc     2c3 (0000b0c0)     _FPU32expTableCoeff
0000b0fc     2c3 (0000b0c0)     _FPU32logTableEnd

0000b108     2c4 (0000b100)     _FPU32expTable
0000b108     2c4 (0000b100)     _FPU32expTableCoeffEnd

0000b1ba     2c6 (0000b180)     _FPU32expTableEnd

0000d000     340 (0000d000)     _FlagRegs
0000d002     340 (0000d000)     _CounterRegs
0000d004     340 (0000d000)     _break_stage
0000d006     340 (0000d000)     _zhiliu_count
0000d008     340 (0000d000)     _stage_asr
0000d00a     340 (0000d000)     _pre_dir_count
0000d00c     340 (0000d000)     _speed_cankao
0000d00e     340 (0000d000)     _iq_buchan
0000d010     340 (0000d000)     _iq_start
0000d012     340 (0000d000)     _id_start
0000d014     340 (0000d000)     _id_fankui
0000d016     340 (0000d000)     _iq_fankui
0000d018     340 (0000d000)     _jiaosudu1_asr
0000d01a     340 (0000d000)     _theta
0000d01c     340 (0000d000)     _thetam_given
0000d01e     340 (0000d000)     _delt_theta
0000d020     340 (0000d000)     _theta_buchan
0000d022     340 (0000d000)     _theta_buchan1
0000d024     340 (0000d000)     _We_Filter
0000d02c     340 (0000d000)     _We_Filter2
0000d034     340 (0000d000)     _Wm_Filter

0000d040     341 (0000d040)     _Pll
0000d04c     341 (0000d040)     _PLL_e
0000d058     341 (0000d040)     _Svpwm
0000d066     341 (0000d040)     _Emf_get

0000d080     342 (0000d080)     _encoder_cal
0000d092     342 (0000d080)     _Adcget
0000d0a6     342 (0000d080)     _Ialphabeta_to_Idq

0000d0c0     343 (0000d0c0)     _Udq_to_Ualphabeta
0000d0d4     343 (0000d0c0)     _ASR
0000d0ea     343 (0000d0c0)     _A_Id_R

0000d100     344 (0000d100)     _A_Iq_R
0000d116     344 (0000d100)     _Weak_R

0000d140     345 (0000d140)     _A_IA_R
0000d156     345 (0000d140)     _A_IB_R

0000d180     346 (0000d180)     _A_IC_R
0000d196     346 (0000d180)     _PR_Ialpha

0000d1c0     347 (0000d1c0)     _PR_Ibeta
0000d1d8     347 (0000d1c0)     _Spwm

0000d200     348 (0000d200)     _iq_filtrate
0000d218     348 (0000d200)     _id_filtrate

0000d240     349 (0000d240)     _ADRC_speed

0000d280     34a (0000d280)     _ADRC_id

0000d2c0     34b (0000d2c0)     _ADRC_iq
0000d2ee     34b (0000d2c0)     _Mras_ob
0000d2fc     34b (0000d2c0)     _Zalpha
0000d2fe     34b (0000d2c0)     _Zbeta

0000d300     34c (0000d300)     _Paramet

0000d3ec     34f (0000d3c0)     _AC_ZeroMean

0000d400     350 (0000d400)     _AC_Zero

0000d4a0     352 (0000d480)     _TXBUF
0000d4be     352 (0000d480)     __lock

0000d4c0     353 (0000d4c0)     _ROGI_q_R

0000d500     354 (0000d500)     _ROGI_d_R
0000d528     354 (0000d500)     _CpuTimer0
0000d530     354 (0000d500)     _CpuTimer1
0000d538     354 (0000d500)     _CpuTimer2

0000d540     355 (0000d540)     _AC_Zero_yu

0000d590     356 (0000d580)     _RCBUF
0000d5a8     356 (0000d580)     _ADCresultNEW
0000d5bc     356 (0000d580)     __unlock
0000d5be     356 (0000d580)     _ADCZeroCNT0

0000d5c0     357 (0000d5c0)     _RC_DataBUF
0000d5d4     357 (0000d5c0)     _ReciveRCOUNT
0000d5d5     357 (0000d5c0)     _RC_DataCount
0000d5d6     357 (0000d5c0)     _TXCOUNT
0000d5d7     357 (0000d5c0)     _flagRC
0000d5d8     357 (0000d5c0)     _flagSEND
0000d5d9     357 (0000d5c0)     _datasum
0000d5da     357 (0000d5c0)     _PackLength
0000d5db     357 (0000d5c0)     _SortNumber
0000d5dc     357 (0000d5c0)     _CommandCode
0000d5dd     357 (0000d5c0)     _CheckCode
0000d5de     357 (0000d5c0)     _SendData
0000d5df     357 (0000d5c0)     _SendDataNumber
0000d5e0     357 (0000d5c0)     _Data_send
0000d5e1     357 (0000d5c0)     _Data_get
0000d5e2     357 (0000d5c0)     _Switchsystem
0000d5e3     357 (0000d5c0)     _SerialNumber
0000d5e4     357 (0000d5c0)     _FData_send
0000d5e6     357 (0000d5c0)     _FData_get
0000d5e8     357 (0000d5c0)     _AC_Zero_yuz
0000d5f2     357 (0000d5c0)     _ADCresult

0000d600     358 (0000d600)     _edata
0000d608     358 (0000d600)     ___TI_enable_exit_profile_output
0000d60a     358 (0000d600)     ___TI_cleanup_ptr
0000d60c     358 (0000d600)     ___TI_dtors_ptr
0000d60e     358 (0000d600)     _PieVectTableInit

0033fff8    cfff (0033ffc0)     _CsmPwl

00380090    e002 (00380080)     _PartIdRegs


GLOBAL SYMBOLS: SORTED ALPHABETICALLY BY Name 

page  address   name                            
----  -------   ----                            
0     00008000  .text                           
0     0000a7fd  C$$EXIT                         
0     0000a914  FS$$DIV                         
0     0000860f  _ABC_Vol_control                
0     00008552  _ABC_control                    
1     0000d400  _AC_Zero                        
1     0000d3ec  _AC_ZeroMean                    
1     0000d540  _AC_Zero_yu                     
1     0000d5e8  _AC_Zero_yuz                    
0     00008a0a  _ADCINT_ISR                     
1     0000d5be  _ADCZeroCNT0                    
0     00380080  _ADC_cal                        
1     0000d5f2  _ADCresult                      
1     0000d5a8  _ADCresultNEW                   
0     00009346  _ADCzero                        
0     00009022  _ADRC_REGULATOR_CALC            
1     0000d280  _ADRC_id                        
1     0000d2c0  _ADRC_iq                        
1     0000d240  _ADRC_speed                     
1     0000d0d4  _ASR                            
1     0000d140  _A_IA_R                         
1     0000d156  _A_IB_R                         
1     0000d180  _A_IC_R                         
1     0000d0ea  _A_Id_R                         
1     0000d100  _A_Iq_R                         
1     00000b00  _AdcMirror                      
1     00007100  _AdcRegs                        
0     000091cc  _Adcdeal                        
1     0000d092  _Adcget                         
0     000091a1  _Adcread                        
0     00008654  _AlphaBeta_control              
0     000086cb  _AlphaBeta_control_PR           
1     0000d5dd  _CheckCode                      
0     0000967a  _Checkdata                      
1     0000d5dc  _CommandCode                    
0     0000a55d  _ConfigCpuTimer                 
0     00009731  _ConfigI2C                      
0     0000a597  _ConfigureADC                   
0     00009b96  _ConfigureEPwm                  
0     0000a8d7  _ConfigureEQep                  
0     0000a70a  _ConfigurePIE                   
0     0000a6b4  _ConfigureSci                   
0     0000a92d  _ConfigureXint                  
1     0000d002  _CounterRegs                    
1     0000d528  _CpuTimer0                      
1     00000c00  _CpuTimer0Regs                  
1     0000d530  _CpuTimer1                      
1     00000c08  _CpuTimer1Regs                  
1     0000d538  _CpuTimer2                      
1     00000c10  _CpuTimer2Regs                  
1     0033fff8  _CsmPwl                         
1     00000ae0  _CsmRegs                        
0     00009fbc  _CsmUnlock                      
0     0000a4ae  _CurrentOverFault               
0     00008938  _DATALOG_ISR                    
0     00008b2c  _DINTCH1_ISR                    
0     00008b36  _DINTCH2_ISR                    
0     00008b40  _DINTCH3_ISR                    
0     00008b4a  _DINTCH4_ISR                    
0     00008b54  _DINTCH5_ISR                    
0     00008b5e  _DINTCH6_ISR                    
0     0000a993  _DSP28x_DisableInt              
0     0000a997  _DSP28x_RestoreInt              
0     0000b515  _DSP28x_usDelay                 
1     0000d5e1  _Data_get                       
1     0000d5e0  _Data_send                      
1     00000880  _DevEmuRegs                     
0     00009f08  _DisableDog                     
1     00001000  _DmaRegs                        
0     00008bb8  _ECAN0INTA_ISR                  
0     00008bcc  _ECAN0INTB_ISR                  
0     00008bc2  _ECAN1INTA_ISR                  
0     00008bd6  _ECAN1INTB_ISR                  
0     00008aa0  _ECAP1_INT_ISR                  
0     00008aaa  _ECAP2_INT_ISR                  
0     00008ab4  _ECAP3_INT_ISR                  
0     00008abe  _ECAP4_INT_ISR                  
0     00008ac8  _ECAP5_INT_ISR                  
0     00008ad2  _ECAP6_INT_ISR                  
1     00006040  _ECanaLAMRegs                   
1     000060c0  _ECanaMOTORegs                  
1     00006080  _ECanaMOTSRegs                  
1     00006100  _ECanaMboxes                    
1     00006000  _ECanaRegs                      
1     00006240  _ECanbLAMRegs                   
1     000062c0  _ECanbMOTORegs                  
1     00006280  _ECanbMOTSRegs                  
1     00006300  _ECanbMboxes                    
1     00006200  _ECanbRegs                      
1     00006a00  _ECap1Regs                      
1     00006a20  _ECap2Regs                      
1     00006a40  _ECap3Regs                      
1     00006a60  _ECap4Regs                      
1     00006a80  _ECap5Regs                      
1     00006aa0  _ECap6Regs                      
0     0000894c  _EMUINT_ISR                     
0     00008a64  _EPWM1_INT_ISR                  
0     00008a28  _EPWM1_TZINT_ISR                
0     00008a6e  _EPWM2_INT_ISR                  
0     00008a32  _EPWM2_TZINT_ISR                
0     00008a78  _EPWM3_INT_ISR                  
0     00008a3c  _EPWM3_TZINT_ISR                
0     00008a82  _EPWM4_INT_ISR                  
0     00008a46  _EPWM4_TZINT_ISR                
0     00008a8c  _EPWM5_INT_ISR                  
0     00008a50  _EPWM5_TZINT_ISR                
0     00008a96  _EPWM6_INT_ISR                  
0     00008a5a  _EPWM6_TZINT_ISR                
1     00006800  _EPwm1Regs                      
1     00006840  _EPwm2Regs                      
1     00006880  _EPwm3Regs                      
1     000068c0  _EPwm4Regs                      
1     00006900  _EPwm5Regs                      
1     00006940  _EPwm6Regs                      
0     00008adc  _EQEP1_INT_ISR                  
0     00008ae6  _EQEP2_INT_ISR                  
1     00006b00  _EQep1Regs                      
1     00006b40  _EQep2Regs                      
1     0000d066  _Emf_get                        
0     0000a845  _EnableInterrupts               
1     0000d5e6  _FData_get                      
1     0000d5e4  _FData_send                     
0     0000b030  _FPU32EXPBIAS                   
0     0000b02e  _FPU32INVLOG10                  
0     0000b02c  _FPU32LOG2                      
0     0000b032  _FPU32LOG_TABLE_MASK1           
0     0000b034  _FPU32LOG_TABLE_MASK2           
0     0000aea2  _FPU32atan2HalfPITable          
0     0000aea6  _FPU32atan2Table                
0     0000b02c  _FPU32atan2TableEnd             
0     0000aaa0  _FPU32cosTable                  
0     0000aea2  _FPU32cosTableEnd               
0     0000b108  _FPU32expTable                  
0     0000b0fc  _FPU32expTableCoeff             
0     0000b108  _FPU32expTableCoeffEnd          
0     0000b1ba  _FPU32expTableEnd               
0     0000b036  _FPU32logTable                  
0     0000b0fc  _FPU32logTableEnd               
0     0000a9a0  _FPU32sinTable                  
0     0000ada0  _FPU32sinTableEnd               
0     0000aea2  _FPUatan2HalfPITable            
0     0000aea6  _FPUatan2Table                  
0     0000b02c  _FPUatan2TableEnd               
0     0000aaa0  _FPUcosTable                    
0     0000aea2  _FPUcosTableEnd                 
0     0000a9a0  _FPUsinTable                    
0     0000ada0  _FPUsinTableEnd                 
0     0000a516  _FastFaultTest                  
0     0000a84e  _Filter_AVR_CALC                
1     0000d000  _FlagRegs                       
1     00000a80  _FlashRegs                      
1     00006f80  _GpioCtrlRegs                   
1     00006fc0  _GpioDataRegs                   
1     00006fe0  _GpioIntRegs                    
0     000097ca  _I2CA_ReadData                  
0     00009741  _I2CA_WriteData                 
0     00008b68  _I2CINT1A_ISR                   
0     00008b72  _I2CINT2A_ISR                   
0     0000983c  _I2C_rrdy                       
0     00009833  _I2C_xrdy                       
1     00007900  _I2caRegs                       
0     00008960  _ILLEGAL_ISR                    
0     00008924  _INT13_ISR                      
0     0000892e  _INT14_ISR                      
1     0000d0a6  _Ialphabeta_to_Idq              
0     0000a95c  _InitAdc                        
0     0000a6e8  _InitBoardGpio                  
0     0000a524  _InitCpuTimers                  
0     0000a0e5  _InitEPwm                       
0     0000a0f3  _InitEPwm1Gpio                  
0     0000a105  _InitEPwm2Gpio                  
0     0000a117  _InitEPwm3Gpio                  
0     0000a12b  _InitEPwm4Gpio                  
0     0000a13f  _InitEPwm5Gpio                  
0     0000a151  _InitEPwm6Gpio                  
0     0000a0e6  _InitEPwmGpio                   
0     0000a163  _InitEPwmSyncGpio               
0     0000a945  _InitI2C                        
0     0000a946  _InitI2CGpio                    
0     00009f61  _InitPeripheralClocks           
0     0000a826  _InitPieCtrl                    
0     0000a8b7  _InitPieVectTable               
0     00009f10  _InitPll                        
0     0000a7cb  _InitSci                        
0     0000a7cc  _InitSciGpio                    
0     0000a69f  _InitSciGpio_a                  
0     0000a7d1  _InitSciaGpio                   
0     0000a7e7  _InitScicGpio                   
0     00009ef5  _InitSysCtrl                    
0     0000a177  _InitTzGpio                     
0     00009d09  _Initparameter                  
0     00008c1c  _LUF_ISR                        
0     00008c12  _LVF_ISR                        
0     00009b88  _MARS_reset                     
0     00009a36  _MARS_speed                     
0     00008b18  _MRINTA_ISR                     
0     00008b04  _MRINTB_ISR                     
0     00008b22  _MXINTA_ISR                     
0     00008b0e  _MXINTB_ISR                     
1     00005000  _McbspaRegs                     
1     00005040  _McbspbRegs                     
1     0000d2ee  _Mras_ob                        
0     00008956  _NMI_ISR                        
0     00008c86  _OpenStartUp_angle              
0     00008c26  _PIE_RESERVED                   
0     00009d36  _PIZero                         
0     0000a39d  _PI_CONTROL_CALC                
1     0000d04c  _PLL_e                          
0     00009d6e  _PRZero                         
0     0000a259  _PR_CONTROL_CALC                
1     0000d196  _PR_Ialpha                      
1     0000d1c0  _PR_Ibeta                       
0     00009c46  _PWMoff                         
0     00009ca8  _PWMopen                        
0     00009c77  _PWMzero                        
1     0000d5da  _PackLength                     
1     0000d300  _Paramet                        
0     00009cbe  _Paramet_Update                 
1     00380090  _PartIdRegs                     
1     00000ce0  _PieCtrlRegs                    
1     00000d00  _PieVectTable                   
1     0000d60e  _PieVectTableInit               
1     0000d040  _Pll                            
0     00008075  _Pll_emf_speed                  
0     0000812c  _Pll_gemf_speed                 
0     00008000  _Pll_get_speed                  
1     0000d590  _RCBUF                          
1     0000d5c0  _RC_DataBUF                     
1     0000d5d5  _RC_DataCount                   
1     0000d500  _ROGI_d_R                       
1     0000d4c0  _ROGI_q_R                       
0     00008942  _RTOSINT_ISR                    
0     00008d29  _Ramp_MACRO                     
0     0000a72c  _ReadEeprom                     
0     0000987f  _Read_From_24C128F              
0     00009845  _ReadfromeepromStr              
1     0000d5d4  _ReciveRCOUNT                   
0     00008b90  _SCIRXINTA_ISR                  
0     00008ba4  _SCIRXINTB_ISR                  
0     00008b7c  _SCIRXINTC_ISR                  
0     00008b9a  _SCITXINTA_ISR                  
0     00008bae  _SCITXINTB_ISR                  
0     00008b86  _SCITXINTC_ISR                  
0     000089e2  _SEQ1INT_ISR                    
0     000089ec  _SEQ2INT_ISR                    
0     00008af0  _SPIRXINTA_ISR                  
0     00008afa  _SPITXINTA_ISR                  
0     000082ae  _STO_speed                      
0     000083b4  _STO_speed_Improve              
0     00009dd4  _SYSTEMoff                      
0     000096e7  _SciRecieve                     
0     000096b4  _SciSend                        
1     00007050  _SciaRegs                       
1     00007750  _ScibRegs                       
1     00007770  _ScicRegs                       
1     0000d5de  _SendData                       
1     0000d5df  _SendDataNumber                 
0     00008eb4  _Sensorless_control             
1     0000d5e3  _SerialNumber                   
0     00009efe  _ServiceDog                     
0     0000a99a  _SetDBGIER                      
1     0000d5db  _SortNumber                     
1     00007040  _SpiaRegs                       
1     0000d1d8  _Spwm                           
1     0000d058  _Svpwm                          
1     0000d5e2  _Switchsystem                   
1     00007010  _SysCtrlRegs                    
0     00008a14  _TINT0_ISR                      
1     0000d4a0  _TXBUF                          
1     0000d5d6  _TXCOUNT                        
0     00009569  _TXdeal                         
0     000089c4  _USER10_ISR                     
0     000089ce  _USER11_ISR                     
0     000089d8  _USER12_ISR                     
0     0000896a  _USER1_ISR                      
0     00008974  _USER2_ISR                      
0     0000897e  _USER3_ISR                      
0     00008988  _USER4_ISR                      
0     00008992  _USER5_ISR                      
0     0000899c  _USER6_ISR                      
0     000089a6  _USER7_ISR                      
0     000089b0  _USER8_ISR                      
0     000089ba  _USER9_ISR                      
1     0000d0c0  _Udq_to_Ualphabeta              
0     00009d8c  _VectorControl_zero             
0     0000a4e7  _VoltageOverFault               
0     0000a4fe  _VoltageUnderFault              
0     00008a1e  _WAKEINT_ISR                    
1     0000d024  _We_Filter                      
1     0000d02c  _We_Filter2                     
1     0000d116  _Weak_R                         
1     0000d034  _Wm_Filter                      
0     0000a749  _WrEeprom                       
0     0000989d  _Write_to_24C128F               
0     0000978a  _Writetoeepromstr               
0     000089f6  _XINT1_ISR                      
0     00008a00  _XINT2_ISR                      
0     00008be0  _XINT3_ISR                      
0     00008bea  _XINT4_ISR                      
0     00008bf4  _XINT5_ISR                      
0     00008bfe  _XINT6_ISR                      
0     00008c08  _XINT7_ISR                      
1     00007070  _XIntruptRegs                   
1     00000b20  _XintfRegs                      
1     0000d2fc  _Zalpha                         
1     0000d2fe  _Zbeta                          
1     00000700  __STACK_END                     
abs   00000300  __STACK_SIZE                    
1     0000d60a  ___TI_cleanup_ptr               
1     0000d60c  ___TI_dtors_ptr                 
1     0000d608  ___TI_enable_exit_profile_output
abs   ffffffff  ___TI_pprof_out_hndl            
abs   ffffffff  ___TI_prof_data_size            
abs   ffffffff  ___TI_prof_data_start           
abs   ffffffff  ___binit__                      
abs   ffffffff  ___c_args__                     
0     0000b1ba  ___cinit__                      
0     0000a9a0  ___etext__                      
abs   ffffffff  ___pinit__                      
0     00008000  ___text__                       
0     0000a970  __args_main                     
1     0000d4be  __lock                          
0     0000a98a  __nop                           
0     0000a986  __register_lock                 
0     0000a982  __register_unlock               
1     00000400  __stack                         
0     0000a99f  __system_post_cinit             
0     0000a99d  __system_pre_init               
1     0000d5bc  __unlock                        
0     0000a7fd  _abort                          
0     00009905  _adca1_interrupt_isr            
0     00008c3a  _angle_compensate               
1     0000d004  _break_stage                    
0     00008f34  _breaking                       
0     0000a649  _c_int00                        
0     00009fed  _clark_calc                     
0     0000a872  _copy_in                        
0     0000a763  _cos                            
0     0000a763  _cosf                           
0     00008759  _current_loop                   
0     00008883  _current_loop_adrc              
1     0000d5d9  _datasum                        
1     0000d01e  _delt_theta                     
1     0000d600  _edata                          
1     0000d080  _encoder_cal                    
0     0000a24f  _encoder_reset                  
0     0000a1ad  _encoder_solver                 
0     0000a7ff  _exit                           
0     00008f4a  _fal                            
0     000081c1  _fandianshi_speed               
0     00008212  _fandianshi_speed_improve       
0     00008f83  _fhan                           
1     0000d5d7  _flagRC                         
1     0000d5d8  _flagSEND                       
0     0000a007  _iclark_calc                    
1     0000d014  _id_fankui                      
1     0000d218  _id_filtrate                    
0     00008d7a  _id_setzero                     
1     0000d012  _id_start                       
0     0000a090  _ipark_calc                     
1     0000d00e  _iq_buchan                      
1     0000d016  _iq_fankui                      
1     0000d200  _iq_filtrate                    
1     0000d010  _iq_start                       
1     0000d018  _jiaosudu1_asr                  
0     0000a5f3  _main                           
0     0000a8f7  _memcpy                         
0     0000a03e  _park_calc                      
0     0000a301  _pow                            
0     0000a301  _powf                           
1     0000d00a  _pre_dir_count                  
0     00008cd8  _predir                         
0     00008c30  _rsvd_ISR                       
0     0000a6d7  _sci_recover                    
0     0000a6ce  _sci_sendbyte                   
0     000098be  _scirxintab_isr                 
0     00008e43  _set_stop                       
0     00008f3e  _sign                           
0     0000a797  _sin                            
0     0000a797  _sinf                           
1     0000d00c  _speed_cankao                   
0     0000a475  _speed_loop                     
0     0000a42e  _speed_loop_adrc                
0     0000a896  _sqrt                           
0     0000a896  _sqrtf                          
1     0000d008  _stage_asr                      
0     000093bb  _svpwm_2l_calc                  
0     0000939e  _svpwm_exe                      
1     0000d01a  _theta                          
1     0000d020  _theta_buchan                   
1     0000d022  _theta_buchan1                  
1     0000d01c  _thetam_given                   
0     00009a1f  _timer0_isr                     
0     00008d9f  _trans                          
0     00009de5  _weak_loop                      
0     00009e78  _weak_loop_y                    
0     000098f0  _xint1_isr                      
1     0000d006  _zhiliu_count                   
abs   ffffffff  binit                           
0     0000b1ba  cinit                           
0     00000000  code_start                      
0     0000a9a0  etext                           
abs   ffffffff  pinit                           


GLOBAL SYMBOLS: SORTED BY Symbol Address 

page  address   name                            
----  -------   ----                            
0     00000000  code_start                      
0     00008000  .text                           
0     00008000  _Pll_get_speed                  
0     00008000  ___text__                       
0     00008075  _Pll_emf_speed                  
0     0000812c  _Pll_gemf_speed                 
0     000081c1  _fandianshi_speed               
0     00008212  _fandianshi_speed_improve       
0     000082ae  _STO_speed                      
0     000083b4  _STO_speed_Improve              
0     00008552  _ABC_control                    
0     0000860f  _ABC_Vol_control                
0     00008654  _AlphaBeta_control              
0     000086cb  _AlphaBeta_control_PR           
0     00008759  _current_loop                   
0     00008883  _current_loop_adrc              
0     00008924  _INT13_ISR                      
0     0000892e  _INT14_ISR                      
0     00008938  _DATALOG_ISR                    
0     00008942  _RTOSINT_ISR                    
0     0000894c  _EMUINT_ISR                     
0     00008956  _NMI_ISR                        
0     00008960  _ILLEGAL_ISR                    
0     0000896a  _USER1_ISR                      
0     00008974  _USER2_ISR                      
0     0000897e  _USER3_ISR                      
0     00008988  _USER4_ISR                      
0     00008992  _USER5_ISR                      
0     0000899c  _USER6_ISR                      
0     000089a6  _USER7_ISR                      
0     000089b0  _USER8_ISR                      
0     000089ba  _USER9_ISR                      
0     000089c4  _USER10_ISR                     
0     000089ce  _USER11_ISR                     
0     000089d8  _USER12_ISR                     
0     000089e2  _SEQ1INT_ISR                    
0     000089ec  _SEQ2INT_ISR                    
0     000089f6  _XINT1_ISR                      
0     00008a00  _XINT2_ISR                      
0     00008a0a  _ADCINT_ISR                     
0     00008a14  _TINT0_ISR                      
0     00008a1e  _WAKEINT_ISR                    
0     00008a28  _EPWM1_TZINT_ISR                
0     00008a32  _EPWM2_TZINT_ISR                
0     00008a3c  _EPWM3_TZINT_ISR                
0     00008a46  _EPWM4_TZINT_ISR                
0     00008a50  _EPWM5_TZINT_ISR                
0     00008a5a  _EPWM6_TZINT_ISR                
0     00008a64  _EPWM1_INT_ISR                  
0     00008a6e  _EPWM2_INT_ISR                  
0     00008a78  _EPWM3_INT_ISR                  
0     00008a82  _EPWM4_INT_ISR                  
0     00008a8c  _EPWM5_INT_ISR                  
0     00008a96  _EPWM6_INT_ISR                  
0     00008aa0  _ECAP1_INT_ISR                  
0     00008aaa  _ECAP2_INT_ISR                  
0     00008ab4  _ECAP3_INT_ISR                  
0     00008abe  _ECAP4_INT_ISR                  
0     00008ac8  _ECAP5_INT_ISR                  
0     00008ad2  _ECAP6_INT_ISR                  
0     00008adc  _EQEP1_INT_ISR                  
0     00008ae6  _EQEP2_INT_ISR                  
0     00008af0  _SPIRXINTA_ISR                  
0     00008afa  _SPITXINTA_ISR                  
0     00008b04  _MRINTB_ISR                     
0     00008b0e  _MXINTB_ISR                     
0     00008b18  _MRINTA_ISR                     
0     00008b22  _MXINTA_ISR                     
0     00008b2c  _DINTCH1_ISR                    
0     00008b36  _DINTCH2_ISR                    
0     00008b40  _DINTCH3_ISR                    
0     00008b4a  _DINTCH4_ISR                    
0     00008b54  _DINTCH5_ISR                    
0     00008b5e  _DINTCH6_ISR                    
0     00008b68  _I2CINT1A_ISR                   
0     00008b72  _I2CINT2A_ISR                   
0     00008b7c  _SCIRXINTC_ISR                  
0     00008b86  _SCITXINTC_ISR                  
0     00008b90  _SCIRXINTA_ISR                  
0     00008b9a  _SCITXINTA_ISR                  
0     00008ba4  _SCIRXINTB_ISR                  
0     00008bae  _SCITXINTB_ISR                  
0     00008bb8  _ECAN0INTA_ISR                  
0     00008bc2  _ECAN1INTA_ISR                  
0     00008bcc  _ECAN0INTB_ISR                  
0     00008bd6  _ECAN1INTB_ISR                  
0     00008be0  _XINT3_ISR                      
0     00008bea  _XINT4_ISR                      
0     00008bf4  _XINT5_ISR                      
0     00008bfe  _XINT6_ISR                      
0     00008c08  _XINT7_ISR                      
0     00008c12  _LVF_ISR                        
0     00008c1c  _LUF_ISR                        
0     00008c26  _PIE_RESERVED                   
0     00008c30  _rsvd_ISR                       
0     00008c3a  _angle_compensate               
0     00008c86  _OpenStartUp_angle              
0     00008cd8  _predir                         
0     00008d29  _Ramp_MACRO                     
0     00008d7a  _id_setzero                     
0     00008d9f  _trans                          
0     00008e43  _set_stop                       
0     00008eb4  _Sensorless_control             
0     00008f34  _breaking                       
0     00008f3e  _sign                           
0     00008f4a  _fal                            
0     00008f83  _fhan                           
0     00009022  _ADRC_REGULATOR_CALC            
0     000091a1  _Adcread                        
0     000091cc  _Adcdeal                        
0     00009346  _ADCzero                        
0     0000939e  _svpwm_exe                      
0     000093bb  _svpwm_2l_calc                  
0     00009569  _TXdeal                         
0     0000967a  _Checkdata                      
0     000096b4  _SciSend                        
0     000096e7  _SciRecieve                     
0     00009731  _ConfigI2C                      
0     00009741  _I2CA_WriteData                 
0     0000978a  _Writetoeepromstr               
0     000097ca  _I2CA_ReadData                  
0     00009833  _I2C_xrdy                       
0     0000983c  _I2C_rrdy                       
0     00009845  _ReadfromeepromStr              
0     0000987f  _Read_From_24C128F              
0     0000989d  _Write_to_24C128F               
0     000098be  _scirxintab_isr                 
0     000098f0  _xint1_isr                      
0     00009905  _adca1_interrupt_isr            
0     00009a1f  _timer0_isr                     
0     00009a36  _MARS_speed                     
0     00009b88  _MARS_reset                     
0     00009b96  _ConfigureEPwm                  
0     00009c46  _PWMoff                         
0     00009c77  _PWMzero                        
0     00009ca8  _PWMopen                        
0     00009cbe  _Paramet_Update                 
0     00009d09  _Initparameter                  
0     00009d36  _PIZero                         
0     00009d6e  _PRZero                         
0     00009d8c  _VectorControl_zero             
0     00009dd4  _SYSTEMoff                      
0     00009de5  _weak_loop                      
0     00009e78  _weak_loop_y                    
0     00009ef5  _InitSysCtrl                    
0     00009efe  _ServiceDog                     
0     00009f08  _DisableDog                     
0     00009f10  _InitPll                        
0     00009f61  _InitPeripheralClocks           
0     00009fbc  _CsmUnlock                      
0     00009fed  _clark_calc                     
0     0000a007  _iclark_calc                    
0     0000a03e  _park_calc                      
0     0000a090  _ipark_calc                     
0     0000a0e5  _InitEPwm                       
0     0000a0e6  _InitEPwmGpio                   
0     0000a0f3  _InitEPwm1Gpio                  
0     0000a105  _InitEPwm2Gpio                  
0     0000a117  _InitEPwm3Gpio                  
0     0000a12b  _InitEPwm4Gpio                  
0     0000a13f  _InitEPwm5Gpio                  
0     0000a151  _InitEPwm6Gpio                  
0     0000a163  _InitEPwmSyncGpio               
0     0000a177  _InitTzGpio                     
0     0000a1ad  _encoder_solver                 
0     0000a24f  _encoder_reset                  
0     0000a259  _PR_CONTROL_CALC                
0     0000a301  _pow                            
0     0000a301  _powf                           
0     0000a39d  _PI_CONTROL_CALC                
0     0000a42e  _speed_loop_adrc                
0     0000a475  _speed_loop                     
0     0000a4ae  _CurrentOverFault               
0     0000a4e7  _VoltageOverFault               
0     0000a4fe  _VoltageUnderFault              
0     0000a516  _FastFaultTest                  
0     0000a524  _InitCpuTimers                  
0     0000a55d  _ConfigCpuTimer                 
0     0000a597  _ConfigureADC                   
0     0000a5f3  _main                           
0     0000a649  _c_int00                        
0     0000a69f  _InitSciGpio_a                  
0     0000a6b4  _ConfigureSci                   
0     0000a6ce  _sci_sendbyte                   
0     0000a6d7  _sci_recover                    
0     0000a6e8  _InitBoardGpio                  
0     0000a70a  _ConfigurePIE                   
0     0000a72c  _ReadEeprom                     
0     0000a749  _WrEeprom                       
0     0000a763  _cos                            
0     0000a763  _cosf                           
0     0000a797  _sin                            
0     0000a797  _sinf                           
0     0000a7cb  _InitSci                        
0     0000a7cc  _InitSciGpio                    
0     0000a7d1  _InitSciaGpio                   
0     0000a7e7  _InitScicGpio                   
0     0000a7fd  C$$EXIT                         
0     0000a7fd  _abort                          
0     0000a7ff  _exit                           
0     0000a826  _InitPieCtrl                    
0     0000a845  _EnableInterrupts               
0     0000a84e  _Filter_AVR_CALC                
0     0000a872  _copy_in                        
0     0000a896  _sqrt                           
0     0000a896  _sqrtf                          
0     0000a8b7  _InitPieVectTable               
0     0000a8d7  _ConfigureEQep                  
0     0000a8f7  _memcpy                         
0     0000a914  FS$$DIV                         
0     0000a92d  _ConfigureXint                  
0     0000a945  _InitI2C                        
0     0000a946  _InitI2CGpio                    
0     0000a95c  _InitAdc                        
0     0000a970  __args_main                     
0     0000a982  __register_unlock               
0     0000a986  __register_lock                 
0     0000a98a  __nop                           
0     0000a993  _DSP28x_DisableInt              
0     0000a997  _DSP28x_RestoreInt              
0     0000a99a  _SetDBGIER                      
0     0000a99d  __system_pre_init               
0     0000a99f  __system_post_cinit             
0     0000a9a0  _FPU32sinTable                  
0     0000a9a0  _FPUsinTable                    
0     0000a9a0  ___etext__                      
0     0000a9a0  etext                           
0     0000aaa0  _FPU32cosTable                  
0     0000aaa0  _FPUcosTable                    
0     0000ada0  _FPU32sinTableEnd               
0     0000ada0  _FPUsinTableEnd                 
0     0000aea2  _FPU32atan2HalfPITable          
0     0000aea2  _FPU32cosTableEnd               
0     0000aea2  _FPUatan2HalfPITable            
0     0000aea2  _FPUcosTableEnd                 
0     0000aea6  _FPU32atan2Table                
0     0000aea6  _FPUatan2Table                  
0     0000b02c  _FPU32LOG2                      
0     0000b02c  _FPU32atan2TableEnd             
0     0000b02c  _FPUatan2TableEnd               
0     0000b02e  _FPU32INVLOG10                  
0     0000b030  _FPU32EXPBIAS                   
0     0000b032  _FPU32LOG_TABLE_MASK1           
0     0000b034  _FPU32LOG_TABLE_MASK2           
0     0000b036  _FPU32logTable                  
0     0000b0fc  _FPU32expTableCoeff             
0     0000b0fc  _FPU32logTableEnd               
0     0000b108  _FPU32expTable                  
0     0000b108  _FPU32expTableCoeffEnd          
0     0000b1ba  _FPU32expTableEnd               
0     0000b1ba  ___cinit__                      
0     0000b1ba  cinit                           
0     0000b515  _DSP28x_usDelay                 
0     00380080  _ADC_cal                        
1     00000400  __stack                         
1     00000700  __STACK_END                     
1     00000880  _DevEmuRegs                     
1     00000a80  _FlashRegs                      
1     00000ae0  _CsmRegs                        
1     00000b00  _AdcMirror                      
1     00000b20  _XintfRegs                      
1     00000c00  _CpuTimer0Regs                  
1     00000c08  _CpuTimer1Regs                  
1     00000c10  _CpuTimer2Regs                  
1     00000ce0  _PieCtrlRegs                    
1     00000d00  _PieVectTable                   
1     00001000  _DmaRegs                        
1     00005000  _McbspaRegs                     
1     00005040  _McbspbRegs                     
1     00006000  _ECanaRegs                      
1     00006040  _ECanaLAMRegs                   
1     00006080  _ECanaMOTSRegs                  
1     000060c0  _ECanaMOTORegs                  
1     00006100  _ECanaMboxes                    
1     00006200  _ECanbRegs                      
1     00006240  _ECanbLAMRegs                   
1     00006280  _ECanbMOTSRegs                  
1     000062c0  _ECanbMOTORegs                  
1     00006300  _ECanbMboxes                    
1     00006800  _EPwm1Regs                      
1     00006840  _EPwm2Regs                      
1     00006880  _EPwm3Regs                      
1     000068c0  _EPwm4Regs                      
1     00006900  _EPwm5Regs                      
1     00006940  _EPwm6Regs                      
1     00006a00  _ECap1Regs                      
1     00006a20  _ECap2Regs                      
1     00006a40  _ECap3Regs                      
1     00006a60  _ECap4Regs                      
1     00006a80  _ECap5Regs                      
1     00006aa0  _ECap6Regs                      
1     00006b00  _EQep1Regs                      
1     00006b40  _EQep2Regs                      
1     00006f80  _GpioCtrlRegs                   
1     00006fc0  _GpioDataRegs                   
1     00006fe0  _GpioIntRegs                    
1     00007010  _SysCtrlRegs                    
1     00007040  _SpiaRegs                       
1     00007050  _SciaRegs                       
1     00007070  _XIntruptRegs                   
1     00007100  _AdcRegs                        
1     00007750  _ScibRegs                       
1     00007770  _ScicRegs                       
1     00007900  _I2caRegs                       
1     0000d000  _FlagRegs                       
1     0000d002  _CounterRegs                    
1     0000d004  _break_stage                    
1     0000d006  _zhiliu_count                   
1     0000d008  _stage_asr                      
1     0000d00a  _pre_dir_count                  
1     0000d00c  _speed_cankao                   
1     0000d00e  _iq_buchan                      
1     0000d010  _iq_start                       
1     0000d012  _id_start                       
1     0000d014  _id_fankui                      
1     0000d016  _iq_fankui                      
1     0000d018  _jiaosudu1_asr                  
1     0000d01a  _theta                          
1     0000d01c  _thetam_given                   
1     0000d01e  _delt_theta                     
1     0000d020  _theta_buchan                   
1     0000d022  _theta_buchan1                  
1     0000d024  _We_Filter                      
1     0000d02c  _We_Filter2                     
1     0000d034  _Wm_Filter                      
1     0000d040  _Pll                            
1     0000d04c  _PLL_e                          
1     0000d058  _Svpwm                          
1     0000d066  _Emf_get                        
1     0000d080  _encoder_cal                    
1     0000d092  _Adcget                         
1     0000d0a6  _Ialphabeta_to_Idq              
1     0000d0c0  _Udq_to_Ualphabeta              
1     0000d0d4  _ASR                            
1     0000d0ea  _A_Id_R                         
1     0000d100  _A_Iq_R                         
1     0000d116  _Weak_R                         
1     0000d140  _A_IA_R                         
1     0000d156  _A_IB_R                         
1     0000d180  _A_IC_R                         
1     0000d196  _PR_Ialpha                      
1     0000d1c0  _PR_Ibeta                       
1     0000d1d8  _Spwm                           
1     0000d200  _iq_filtrate                    
1     0000d218  _id_filtrate                    
1     0000d240  _ADRC_speed                     
1     0000d280  _ADRC_id                        
1     0000d2c0  _ADRC_iq                        
1     0000d2ee  _Mras_ob                        
1     0000d2fc  _Zalpha                         
1     0000d2fe  _Zbeta                          
1     0000d300  _Paramet                        
1     0000d3ec  _AC_ZeroMean                    
1     0000d400  _AC_Zero                        
1     0000d4a0  _TXBUF                          
1     0000d4be  __lock                          
1     0000d4c0  _ROGI_q_R                       
1     0000d500  _ROGI_d_R                       
1     0000d528  _CpuTimer0                      
1     0000d530  _CpuTimer1                      
1     0000d538  _CpuTimer2                      
1     0000d540  _AC_Zero_yu                     
1     0000d590  _RCBUF                          
1     0000d5a8  _ADCresultNEW                   
1     0000d5bc  __unlock                        
1     0000d5be  _ADCZeroCNT0                    
1     0000d5c0  _RC_DataBUF                     
1     0000d5d4  _ReciveRCOUNT                   
1     0000d5d5  _RC_DataCount                   
1     0000d5d6  _TXCOUNT                        
1     0000d5d7  _flagRC                         
1     0000d5d8  _flagSEND                       
1     0000d5d9  _datasum                        
1     0000d5da  _PackLength                     
1     0000d5db  _SortNumber                     
1     0000d5dc  _CommandCode                    
1     0000d5dd  _CheckCode                      
1     0000d5de  _SendData                       
1     0000d5df  _SendDataNumber                 
1     0000d5e0  _Data_send                      
1     0000d5e1  _Data_get                       
1     0000d5e2  _Switchsystem                   
1     0000d5e3  _SerialNumber                   
1     0000d5e4  _FData_send                     
1     0000d5e6  _FData_get                      
1     0000d5e8  _AC_Zero_yuz                    
1     0000d5f2  _ADCresult                      
1     0000d600  _edata                          
1     0000d608  ___TI_enable_exit_profile_output
1     0000d60a  ___TI_cleanup_ptr               
1     0000d60c  ___TI_dtors_ptr                 
1     0000d60e  _PieVectTableInit               
1     0033fff8  _CsmPwl                         
1     00380090  _PartIdRegs                     
abs   00000300  __STACK_SIZE                    
abs   ffffffff  ___TI_pprof_out_hndl            
abs   ffffffff  ___TI_prof_data_size            
abs   ffffffff  ___TI_prof_data_start           
abs   ffffffff  ___binit__                      
abs   ffffffff  ___c_args__                     
abs   ffffffff  ___pinit__                      
abs   ffffffff  binit                           
abs   ffffffff  pinit                           

[403 symbols]
